Microchip MPLAB XC8 Compiler V2.32

Linker command line:

-W-3 --edf=C:\Program Files\Microchip\xc8\v2.32\pic\dat\en_msgs.txt -cn \
  -h+dist/default/production\Lab_05.X.production.sym \
  --cmf=dist/default/production\Lab_05.X.production.cmf -z -Q16F887 \
  -oC:\Users\fredy\AppData\Local\Temp\xcAs9u8.4 --defsym=__MPLAB_BUILD=1 \
  -Mdist/default/production/Lab_05.X.production.map -E1 -ver=XC8 Compiler \
  --acfsm=1493 -ASTACK=0110h-016Fh -pstack=STACK -ACODE=00h-07FFhx4 \
  -ASTRCODE=00h-01FFFh -ASTRING=00h-0FFhx32 -ACONST=00h-0FFhx32 \
  -AENTRY=00h-0FFhx32 -ACOMMON=070h-07Fh -ABANK0=020h-06Fh \
  -ABANK1=0A0h-0EFh -ABANK2=0110h-016Fh -ABANK3=0190h-01EFh \
  -ARAM=020h-06Fh,0A0h-0EFh,0110h-016Fh,0190h-01EFh \
  -AABS1=020h-07Fh,0A0h-0EFh,0110h-016Fh,0190h-01EFh -ASFR0=00h-01Fh \
  -ASFR1=080h-09Fh -ASFR2=0100h-010Fh -ASFR3=0180h-018Fh \
  -ACONFIG=02007h-02008h -DCONFIG=2 -AIDLOC=02000h-02003h -DIDLOC=2 \
  -AEEDATA=00h-0FFh/02100h -peeprom_data=EEDATA -DEEDATA=2 -DCODE=2 \
  -DSTRCODE=2 -DSTRING=2 -DCONST=2 -DENTRY=2 \
  -preset_vec=00h,intentry=04h,init,end_init -ppowerup=CODE -pcinit=CODE \
  -pfunctab=ENTRY -k C:\Users\fredy\AppData\Local\Temp\xcAs9u8.o \
  dist/default/production\Lab_05.X.production.o 

Object code version is 3.11

Machine type is 16F887



                Name                               Link     Load   Length Selector   Space Scale
C:\Users\fredy\AppData\Local\Temp\xcAs9u8.o
                end_init                              C        C        3        8       0
                reset_vec                             0        0        3        0       0
                config                             2007     2007        2        0       4
dist/default/production\Lab_05.X.production.o
                cinit                                 F        F        D        8       0
                intentry                              4        4        8        8       0
                config                             2007     2007        2        0       4
                text9                               244      244       23      488       0
                text8                               2A2      2A2        8      488       0
                text7                               28D      28D        D      488       0
                text6                               267      267       15      488       0
                text5                               1E5      1E5       32        8       0
                text4                               27C      27C       11      488       0
                text3                               165      165       44        8       0
                text2                               1A9      1A9       3C        8       0
                text1                                1C       1C       EA        8       0
                maintext                            106      106       5F        8       0
                cstackBANK0                          20       20       14       20       1
                cstackCOMMON                         70       70        C       70       1
                clrtext                             29A      29A        8      488       0
                bssBANK0                             34       34       13       20       1
                strings                             217      217       2D      42E       0

TOTAL           Name                               Link     Load   Length     Space
        CLASS   STACK          

        CLASS   CODE           
                end_init                              C        C        3         0
                cinit                                 F        F        D         0
                intentry                              4        4        8         0
                reset_vec                             0        0        3         0
                text9                               244      244       23         0
                text8                               2A2      2A2        8         0
                text7                               28D      28D        D         0
                text6                               267      267       15         0
                text5                               1E5      1E5       32         0
                text4                               27C      27C       11         0
                text3                               165      165       44         0
                text2                               1A9      1A9       3C         0
                text1                                1C       1C       EA         0
                maintext                            106      106       5F         0
                clrtext                             29A      29A        8         0

        CLASS   STRCODE        

        CLASS   STRING         
                strings                             217      217       2D         0

        CLASS   CONST          

        CLASS   ENTRY          

        CLASS   COMMON         
                cstackCOMMON                         70       70        C         1

        CLASS   BANK0          
                cstackBANK0                          20       20       14         1
                bssBANK0                             34       34       13         1

        CLASS   BANK1          

        CLASS   BANK2          

        CLASS   BANK3          

        CLASS   RAM            

        CLASS   ABS1           
                abs_s1                               7E       7E        2         1

        CLASS   SFR0           

        CLASS   SFR1           

        CLASS   SFR2           

        CLASS   SFR3           

        CLASS   CONFIG         
                config                             2007     2007        2         4

        CLASS   IDLOC          

        CLASS   EEDATA         



SEGMENTS        Name                           Load    Length   Top    Selector   Space  Class     Delta

                reset_vec                      000000  000003  000003         0       0  CODE        2
                intentry                       000004  000213  000217         8       0  CODE        2
                cstackBANK0                    000020  000027  000047        20       1  BANK0       1
                cstackCOMMON                   000070  00000C  00007C        70       1  COMMON      1
                strings                        000217  00002D  000244       42E       0  STRING      2
                text9                          000244  000066  0002AA       488       0  CODE        2


UNUSED ADDRESS RANGES

        Name                Unused          Largest block    Delta
        BANK0            0047-006F             29           1
        BANK1            00A0-00EF             50           1
        BANK2            0110-016F             60           1
        BANK3            0190-01EF             60           1
        CODE             0003-0003              1           2
                         02AA-1FFF            800
        COMMON           007C-007D              2           1
        CONST            0003-0003              1           2
                         02AA-1FFF            100
        EEDATA           2100-21FF            100           2
        ENTRY            0003-0003              1           2
                         02AA-1FFF            100
        IDLOC            2000-2003              4           2
        RAM              0047-006F             29           1
                         00A0-00EF             50
                         0110-016F             60
                         0190-01EF             60
        SFR0             0000-001F             20           1
        SFR1             0080-009F             20           1
        SFR2             0100-010F             10           1
        SFR3             0180-018F             10           1
        STACK            0110-016F             60           1
        STRCODE          0003-0003              1           2
                         02AA-1FFF           1D56
        STRING           0003-0003              1           2
                         02AA-1FFF            100

                                  Symbol Table

?___lwdiv                  cstackCOMMON 0072
?___lwmod                  cstackBANK0  0020
?_sprintf                  cstackBANK0  0024
Texto_USART@i              cstackCOMMON 0076
Texto_USART@texto          cstackCOMMON 0072
_ADCON0bits                (abs)        001F
_ADCON1bits                (abs)        009F
_ADIF                      (abs)        0066
_ADRESH                    (abs)        001E
_ANSEL                     (abs)        0188
_ANSELH                    (abs)        0189
_Boton_0                   bssBANK0     0036
_Boton_1                   bssBANK0     0035
_CREN                      (abs)        00C4
_Config_Oscilador          text8        02A2
_Config_PORTB              text7        028D
_Config_USART              text6        0267
_Contador                  bssBANK0     0034
_INTCON                    (abs)        000B
_INTCONbits                (abs)        000B
_IOCB0                     (abs)        04B0
_IOCB1                     (abs)        04B1
_IRCF0                     (abs)        047C
_IRCF1                     (abs)        047D
_IRCF2                     (abs)        047E
_OPTION_REGbits            (abs)        0081
_PIE1bits                  (abs)        008C
_PIR1bits                  (abs)        000C
_PORTA                     (abs)        0005
_PORTB                     (abs)        0006
_PORTC                     (abs)        0007
_PORTCbits                 (abs)        0007
_PORTD                     (abs)        0008
_PORTE                     (abs)        0009
_PS0                       (abs)        0408
_PS1                       (abs)        0409
_PS2                       (abs)        040A
_PSA                       (abs)        040B
_RA0                       (abs)        0028
_RB0                       (abs)        0030
_RB1                       (abs)        0031
_RBIE                      (abs)        005B
_RBIF                      (abs)        0058
_RCIF                      (abs)        0065
_RCREG                     (abs)        001A
_SPBRG                     (abs)        0099
_SPEN                      (abs)        00C7
_SYNC                      (abs)        04C4
_T0CS                      (abs)        040D
_TMR0                      (abs)        0001
_TRISA                     (abs)        0085
_TRISB                     (abs)        0086
_TRISC                     (abs)        0087
_TRISD                     (abs)        0088
_TRISE                     (abs)        0089
_TXEN                      (abs)        04C5
_TXREG                     (abs)        0019
_Texto_USART               text5        01E5
_WPUBbits                  (abs)        0095
__Habs1                    abs1         0000
__Hbank0                   bank0        0000
__Hbank1                   bank1        0000
__Hbank2                   bank2        0000
__Hbank3                   bank3        0000
__HbssBANK0                bssBANK0     0000
__Hcinit                   cinit        001C
__Hclrtext                 clrtext      0000
__Hcode                    code         0000
__Hcommon                  common       0000
__Hconfig                  config       2009
__HcstackBANK0             cstackBANK0  0000
__HcstackCOMMON            cstackCOMMON 0000
__Heeprom_data             eeprom_data  0000
__Hend_init                end_init     000F
__Hfunctab                 functab      0000
__Hinit                    init         000C
__Hintentry                intentry     000C
__Hmaintext                maintext     0000
__Hpowerup                 powerup      0000
__Hram                     ram          0000
__Hreset_vec               reset_vec    0003
__Hsfr0                    sfr0         0000
__Hsfr1                    sfr1         0000
__Hsfr2                    sfr2         0000
__Hsfr3                    sfr3         0000
__Hspace_0                 (abs)        02AA
__Hspace_1                 (abs)        007C
__Hspace_2                 (abs)        0000
__Hspace_3                 (abs)        0000
__Hspace_4                 (abs)        4010
__Hstack                   stack        0000
__Hstrings                 strings      0000
__Htext                    text         0000
__Labs1                    abs1         0000
__Lbank0                   bank0        0000
__Lbank1                   bank1        0000
__Lbank2                   bank2        0000
__Lbank3                   bank3        0000
__LbssBANK0                bssBANK0     0000
__Lcinit                   cinit        000F
__Lclrtext                 clrtext      0000
__Lcode                    code         0000
__Lcommon                  common       0000
__Lconfig                  config       0000
__LcstackBANK0             cstackBANK0  0000
__LcstackCOMMON            cstackCOMMON 0000
__Leeprom_data             eeprom_data  0000
__Lend_init                end_init     000C
__Lfunctab                 functab      0000
__Linit                    init         000C
__Lintentry                intentry     0004
__Lmaintext                maintext     0000
__Lpowerup                 powerup      0000
__Lram                     ram          0000
__Lreset_vec               reset_vec    0000
__Lsfr0                    sfr0         0000
__Lsfr1                    sfr1         0000
__Lsfr2                    sfr2         0000
__Lsfr3                    sfr3         0000
__Lspace_0                 (abs)        0000
__Lspace_1                 (abs)        0000
__Lspace_2                 (abs)        0000
__Lspace_3                 (abs)        0000
__Lspace_4                 (abs)        0000
__Lstack                   stack        0000
__Lstrings                 strings      0000
__Ltext                    text         0000
__S0                       (abs)        02AA
__S1                       (abs)        007C
__S2                       (abs)        0000
__S3                       (abs)        0000
___int_sp                  stack        0000
___latbits                 (abs)        0002
___lwdiv                   text3        0165
___lwdiv@counter           cstackCOMMON 0079
___lwdiv@dividend          cstackCOMMON 0074
___lwdiv@divisor           cstackCOMMON 0072
___lwdiv@quotient          cstackCOMMON 0077
___lwmod                   text2        01A9
___lwmod@counter           cstackCOMMON 007B
___lwmod@dividend          cstackBANK0  0022
___lwmod@divisor           cstackBANK0  0020
___sp                      stack        0000
___stackhi                 (abs)        0000
___stacklo                 (abs)        0000
__end_of_Config_Oscilador  text8        02AA
__end_of_Config_PORTB      text7        029A
__end_of_Config_USART      text6        027C
__end_of_Texto_USART       text5        0217
__end_of___lwdiv           text3        01A9
__end_of___lwmod           text2        01E5
__end_of__initialization   cinit        0018
__end_of__stringtab        strings      0227
__end_of_config            text4        028D
__end_of_dpowers           strings      0231
__end_of_isr               text9        0267
__end_of_main              maintext     0165
__end_of_sprintf           text1        0106
__initialization           cinit        000F
__pbssBANK0                bssBANK0     0034
__pcstackBANK0             cstackBANK0  0020
__pcstackCOMMON            cstackCOMMON 0070
__pintentry                intentry     0004
__pmaintext                maintext     0106
__pstrings                 strings      0217
__ptext1                   text1        001C
__ptext2                   text2        01A9
__ptext3                   text3        0165
__ptext4                   text4        027C
__ptext5                   text5        01E5
__ptext6                   text6        0267
__ptext7                   text7        028D
__ptext8                   text8        02A2
__ptext9                   text9        0244
__size_of_Config_Oscilador (abs)        0000
__size_of_Config_PORTB     (abs)        0000
__size_of_Config_USART     (abs)        0000
__size_of_Texto_USART      (abs)        0000
__size_of___lwdiv          (abs)        0000
__size_of___lwmod          (abs)        0000
__size_of_config           (abs)        0000
__size_of_isr              (abs)        0000
__size_of_main             (abs)        0000
__size_of_sprintf          (abs)        0000
__stringbase               strings      0226
__stringtab                strings      0217
_config                    text4        027C
_dpowers                   strings      0227
_isr                       text9        0244
_main                      maintext     0106
_sprintf                   text1        001C
_text                      bssBANK0     0037
btemp                      (abs)        007E
clear_ram0                 clrtext      029A
end_of_initialization      cinit        0018
interrupt_function         intentry     0004
intlevel0                  functab      0000
intlevel1                  functab      0000
intlevel2                  functab      0000
intlevel3                  functab      0000
intlevel4                  functab      0000
intlevel5                  functab      0000
reset_vec                  reset_vec    0000
saved_w                    (abs)        007E
sprintf@ap                 cstackBANK0  002A
sprintf@c                  cstackBANK0  0030
sprintf@f                  cstackBANK0  0024
sprintf@flag               cstackBANK0  002B
sprintf@prec               cstackBANK0  002C
sprintf@sp                 cstackBANK0  002F
sprintf@val                cstackBANK0  002D
start                      init         000C
start_initialization       cinit        000F
wtemp0                     (abs)        007E


MODULE INFORMATION

Module		Function		Class		Link	Load	Size
../../LIB/LIB.X/LIB.c
		_Texto_USART   		CODE           	01E5	0000	50
		_Config_PORTB  		CODE           	028D	0000	13
		_Config_USART  		CODE           	0267	0000	21
		_Config_Oscilador		CODE           	02A2	0000	8

../../LIB/LIB.X/LIB.c estimated size: 92

Lab_05.c
		_main          		CODE           	0106	0000	95
		_config        		CODE           	027C	0000	17
		_isr           		CODE           	0244	0000	35

Lab_05.c estimated size: 147

C:\Program Files\Microchip\xc8\v2.32\pic\sources\c90\common\lwmod.c
		___lwmod       		CODE           	01A9	0000	60

C:\Program Files\Microchip\xc8\v2.32\pic\sources\c90\common\lwmod.c estimated size: 60

shared
		__stringtab    		STRING         	0217	0000	16
		_dpowers       		STRING         	0227	0000	10
		__initialization		CODE           	000F	0000	9

shared estimated size: 35

C:\Program Files\Microchip\xc8\v2.32\pic\sources\c90\common\doprnt.c
		_sprintf       		CODE           	001C	0000	234

C:\Program Files\Microchip\xc8\v2.32\pic\sources\c90\common\doprnt.c estimated size: 234

C:\Program Files\Microchip\xc8\v2.32\pic\sources\c90\common\lwdiv.c
		___lwdiv       		CODE           	0165	0000	68

C:\Program Files\Microchip\xc8\v2.32\pic\sources\c90\common\lwdiv.c estimated size: 68

