Microchip MPLAB XC8 Compiler V2.32

Linker command line:

-W-3 --edf=C:\Program Files\Microchip\xc8\v2.32\pic\dat\en_msgs.txt -cn \
  -h+dist/default/production\Lab_04_Maestro.X.production.sym \
  --cmf=dist/default/production\Lab_04_Maestro.X.production.cmf -z -Q16F887 \
  -oC:\Users\fredy\AppData\Local\Temp\xcAsif0.4 --defsym=__MPLAB_BUILD=1 \
  -Mdist/default/production/Lab_04_Maestro.X.production.map -E1 \
  -ver=XC8 Compiler --acfsm=1493 -ASTACK=0110h-016Fh -pstack=STACK \
  -ACODE=00h-07FFhx4 -ASTRCODE=00h-01FFFh -ASTRING=00h-0FFhx32 \
  -ACONST=00h-0FFhx32 -AENTRY=00h-0FFhx32 -ACOMMON=070h-07Fh \
  -ABANK0=020h-06Fh -ABANK1=0A0h-0EFh -ABANK2=0110h-016Fh \
  -ABANK3=0190h-01EFh -ARAM=020h-06Fh,0A0h-0EFh,0110h-016Fh,0190h-01EFh \
  -AABS1=020h-07Fh,0A0h-0EFh,0110h-016Fh,0190h-01EFh -ASFR0=00h-01Fh \
  -ASFR1=080h-09Fh -ASFR2=0100h-010Fh -ASFR3=0180h-018Fh \
  -ACONFIG=02007h-02008h -DCONFIG=2 -AIDLOC=02000h-02003h -DIDLOC=2 \
  -AEEDATA=00h-0FFh/02100h -peeprom_data=EEDATA -DEEDATA=2 -DCODE=2 \
  -DSTRCODE=2 -DSTRING=2 -DCONST=2 -DENTRY=2 \
  -preset_vec=00h,intentry,init,end_init -ppowerup=CODE -pcinit=CODE \
  -pfunctab=ENTRY -k C:\Users\fredy\AppData\Local\Temp\xcAsif0.o \
  dist/default/production\Lab_04_Maestro.X.production.o 

Object code version is 3.11

Machine type is 16F887



                Name                               Link     Load   Length Selector   Space Scale
C:\Users\fredy\AppData\Local\Temp\xcAsif0.o
                end_init                              0        0        3        0       0
                config                             2007     2007        2        0       4
dist/default/production\Lab_04_Maestro.X.production.o
                cinit                               7F7      7F7        9      FEE       0
                config                             2007     2007        2        0       4
                text20                              2FE      2FE        8      5FC       0
                text19                              4E8      4E8       66      9D0       0
                text18                              412      412       38      824       0
                text17                              32B      32B        D      656       0
                text16                              3E4      3E4       2E      7C8       0
                text15                              306      306        9      60C       0
                text14                              30F      30F        9      61E       0
                text13                              318      318        9      630       0
                text12                              321      321        A      642       0
                text11                              496      496       52      92C       0
                text10                              349      349       18      692       0
                text9                               44A      44A       4C      894       0
                text8                               39B      39B       24      736       0
                text7                               54E      54E       67      A9C       0
                text6                               3BF      3BF       25      77E       0
                text5                               361      361       18      6C2       0
                text4                               62E      62E       8B      C5C       0
                text3                               5B5      5B5       79      B6A       0
                text2                               379      379       22      6F2       0
                text1                               338      338       11      670       0
                maintext                            6B9      6B9      13E      D72       0
                cstackBANK0                          20       20        C       20       1
                cstackCOMMON                         70       70        E       70       1
                bssBANK0                             2C       2C        3       20       1
                strings                               3        3       29        6       0

TOTAL           Name                               Link     Load   Length     Space
        CLASS   STACK          

        CLASS   CODE           
                end_init                              0        0        3         0
                cinit                               7F7      7F7        9         0
                text20                              2FE      2FE        8         0
                text19                              4E8      4E8       66         0
                text18                              412      412       38         0
                text17                              32B      32B        D         0
                text16                              3E4      3E4       2E         0
                text15                              306      306        9         0
                text14                              30F      30F        9         0
                text13                              318      318        9         0
                text12                              321      321        A         0
                text11                              496      496       52         0
                text10                              349      349       18         0
                text9                               44A      44A       4C         0
                text8                               39B      39B       24         0
                text7                               54E      54E       67         0
                text6                               3BF      3BF       25         0
                text5                               361      361       18         0
                text4                               62E      62E       8B         0
                text3                               5B5      5B5       79         0
                text2                               379      379       22         0
                text1                               338      338       11         0
                maintext                            6B9      6B9      13E         0

        CLASS   STRCODE        

        CLASS   STRING         
                strings                               3        3       29         0

        CLASS   CONST          

        CLASS   ENTRY          

        CLASS   COMMON         
                cstackCOMMON                         70       70        E         1

        CLASS   BANK0          
                cstackBANK0                          20       20        C         1
                bssBANK0                             2C       2C        3         1

        CLASS   BANK1          

        CLASS   BANK2          

        CLASS   BANK3          

        CLASS   RAM            

        CLASS   ABS1           
                abs_s1                               7E       7E        2         1

        CLASS   SFR0           

        CLASS   SFR1           

        CLASS   SFR2           

        CLASS   SFR3           

        CLASS   CONFIG         
                config                             2007     2007        2         4

        CLASS   IDLOC          

        CLASS   EEDATA         



SEGMENTS        Name                           Load    Length   Top    Selector   Space  Class     Delta

                reset_vec                      000000  000003  000003         0       0  CODE        2
                strings                        000003  000029  00002C         6       0  STRING      2
                cstackBANK0                    000020  00000F  00002F        20       1  BANK0       1
                cstackCOMMON                   000070  00000E  00007E        70       1  COMMON      1
                text20                         0002FE  000008  000306       5FC       0  CODE        2
                text15                         000306  000009  00030F       60C       0  CODE        2
                text14                         00030F  000009  000318       61E       0  CODE        2
                text13                         000318  000009  000321       630       0  CODE        2
                text12                         000321  00000A  00032B       642       0  CODE        2
                text17                         00032B  00000D  000338       656       0  CODE        2
                text1                          000338  000011  000349       670       0  CODE        2
                text10                         000349  000018  000361       692       0  CODE        2
                text5                          000361  000018  000379       6C2       0  CODE        2
                text2                          000379  000022  00039B       6F2       0  CODE        2
                text8                          00039B  000024  0003BF       736       0  CODE        2
                text6                          0003BF  000025  0003E4       77E       0  CODE        2
                text16                         0003E4  00002E  000412       7C8       0  CODE        2
                text18                         000412  000038  00044A       824       0  CODE        2
                text9                          00044A  00004C  000496       894       0  CODE        2
                text11                         000496  000052  0004E8       92C       0  CODE        2
                text19                         0004E8  000066  00054E       9D0       0  CODE        2
                text7                          00054E  000067  0005B5       A9C       0  CODE        2
                text3                          0005B5  000079  00062E       B6A       0  CODE        2
                text4                          00062E  00008B  0006B9       C5C       0  CODE        2
                maintext                       0006B9  00013E  0007F7       D72       0  CODE        2
                cinit                          0007F7  000009  000800       FEE       0  CODE        2


UNUSED ADDRESS RANGES

        Name                Unused          Largest block    Delta
        BANK0            002F-006F             41           1
        BANK1            00A0-00EF             50           1
        BANK2            0110-016F             60           1
        BANK3            0190-01EF             60           1
        CODE             002C-02FD            2D2           2
                         0800-1FFF            800
        CONST            002C-02FD            100           2
                         0800-1FFF            100
        EEDATA           2100-21FF            100           2
        ENTRY            002C-02FD            100           2
                         0800-1FFF            100
        IDLOC            2000-2003              4           2
        RAM              002F-006F             41           1
                         00A0-00EF             50
                         0110-016F             60
                         0190-01EF             60
        SFR0             0000-001F             20           1
        SFR1             0080-009F             20           1
        SFR2             0100-010F             10           1
        SFR3             0180-018F             10           1
        STACK            0110-016F             60           1
        STRCODE          002C-02FD            2D2           2
                         0800-1FFF           1800
        STRING           002C-02FD            100           2
                         0800-1FFF            100

                                  Symbol Table

?_I2C_Master_Read                  cstackCOMMON 0070
?___awdiv                          cstackCOMMON 0070
?___lldiv                          cstackCOMMON 0070
?___wmul                           cstackCOMMON 0070
CMD_LCD@v                          cstackCOMMON 0072
Char_LCD@a                         cstackCOMMON 0072
I2C_Master_Init@c                  cstackBANK0  0020
I2C_Master_Read@a                  cstackCOMMON 0070
I2C_Master_Read@temp               cstackCOMMON 0074
I2C_Master_Write@d                 cstackCOMMON 0070
Lcd_Set_Cursor@a                   cstackCOMMON 0075
Lcd_Set_Cursor@b                   cstackCOMMON 0073
Lcd_Set_Cursor@temp                cstackCOMMON 0076
PORT_LCD@v                         cstackCOMMON 0070
Print_Cont@centena                 cstackBANK0  0026
Print_Cont@decena                  cstackBANK0  0024
Print_Cont@temp                    cstackBANK0  0022
Print_Cont@unidad                  cstackBANK0  0020
Print_Cont@valor                   cstackBANK0  0028
Write_LCD@a                        cstackCOMMON 0075
Write_LCD@i                        cstackCOMMON 0074
_ADCON0bits                        (abs)        001F
_ADCON1bits                        (abs)        009F
_ADIF                              (abs)        0066
_ADRESH                            (abs)        001E
_ANSEL                             (abs)        0188
_ANSELH                            (abs)        0189
_CMD_LCD                           text10       0349
_CREN                              (abs)        00C4
_Char_LCD                          text5        0361
_Config_Oscilador                  text20       02FE
_Cont_Slave_II                     bssBANK0     002D
_GIE                               (abs)        005F
_I2C_Master_Init                   text18       0412
_I2C_Master_Read                   text16       03E4
_I2C_Master_RepeatedStart          text15       0306
_I2C_Master_Start                  text14       030F
_I2C_Master_Stop                   text13       0318
_I2C_Master_Wait                   text17       032B
_I2C_Master_Write                  text12       0321
_INTCON                            (abs)        000B
_INTCONbits                        (abs)        000B
_IOCB0                             (abs)        04B0
_IOCB1                             (abs)        04B1
_IRCF0                             (abs)        047C
_IRCF1                             (abs)        047D
_IRCF2                             (abs)        047E
_LCD_Init_8bits                    text9        044A
_Lcd_Set_Cursor                    text8        039B
_OPTION_REGbits                    (abs)        0081
_PEIE                              (abs)        005E
_PIE1bits                          (abs)        008C
_PIR1bits                          (abs)        000C
_PORTA                             (abs)        0005
_PORTAbits                         (abs)        0005
_PORTB                             (abs)        0006
_PORTC                             (abs)        0007
_PORTCbits                         (abs)        0007
_PORTD                             (abs)        0008
_PORTE                             (abs)        0009
_PORTEbits                         (abs)        0009
_PORT_LCD                          text11       0496
_PS0                               (abs)        0408
_PS1                               (abs)        0409
_PS2                               (abs)        040A
_PSA                               (abs)        040B
_Print_Cont                        text3        05B5
_RA0                               (abs)        0028
_RBIE                              (abs)        005B
_RE2                               (abs)        004A
_SPBRG                             (abs)        0099
_SPEN                              (abs)        00C7
_SSPADD                            (abs)        0093
_SSPBUF                            (abs)        0013
_SSPCON                            (abs)        0014
_SSPCON2                           (abs)        0091
_SSPCON2bits                       (abs)        0091
_SSPCONbits                        (abs)        0014
_SSPIE                             (abs)        0463
_SSPIF                             (abs)        0063
_SSPSTAT                           (abs)        0094
_SSPSTATbits                       (abs)        0094
_SYNC                              (abs)        04C4
_T0CS                              (abs)        040D
_TMR0                              (abs)        0001
_TRISA                             (abs)        0085
_TRISAbits                         (abs)        0085
_TRISB                             (abs)        0086
_TRISC                             (abs)        0087
_TRISC3                            (abs)        043B
_TRISC4                            (abs)        043C
_TRISC5                            (abs)        043D
_TRISCbits                         (abs)        0087
_TRISD                             (abs)        0088
_TRISE                             (abs)        0089
_TXEN                              (abs)        04C5
_TXREG                             (abs)        0019
_WPUBbits                          (abs)        0095
_Write_LCD                         text2        0379
__Habs1                            abs1         0000
__Hbank0                           bank0        0000
__Hbank1                           bank1        0000
__Hbank2                           bank2        0000
__Hbank3                           bank3        0000
__HbssBANK0                        bssBANK0     0000
__Hcinit                           cinit        0800
__Hclrtext                         clrtext      0000
__Hcode                            code         0000
__Hcommon                          common       0000
__Hconfig                          config       2009
__HcstackBANK0                     cstackBANK0  0000
__HcstackCOMMON                    cstackCOMMON 0000
__Heeprom_data                     eeprom_data  0000
__Hend_init                        end_init     0003
__Hfunctab                         functab      0000
__Hinit                            init         0000
__Hintentry                        intentry     0000
__Hmaintext                        maintext     0000
__Hpowerup                         powerup      0000
__Hram                             ram          0000
__Hreset_vec                       reset_vec    0000
__Hsfr0                            sfr0         0000
__Hsfr1                            sfr1         0000
__Hsfr2                            sfr2         0000
__Hsfr3                            sfr3         0000
__Hspace_0                         (abs)        0800
__Hspace_1                         (abs)        007E
__Hspace_2                         (abs)        0000
__Hspace_3                         (abs)        0000
__Hspace_4                         (abs)        4010
__Hstack                           stack        0000
__Hstrings                         strings      0000
__Htext                            text         0000
__Labs1                            abs1         0000
__Lbank0                           bank0        0000
__Lbank1                           bank1        0000
__Lbank2                           bank2        0000
__Lbank3                           bank3        0000
__LbssBANK0                        bssBANK0     0000
__Lcinit                           cinit        07F7
__Lclrtext                         clrtext      0000
__Lcode                            code         0000
__Lcommon                          common       0000
__Lconfig                          config       0000
__LcstackBANK0                     cstackBANK0  0000
__LcstackCOMMON                    cstackCOMMON 0000
__Leeprom_data                     eeprom_data  0000
__Lend_init                        end_init     0000
__Lfunctab                         functab      0000
__Linit                            init         0000
__Lintentry                        intentry     0000
__Lmaintext                        maintext     0000
__Lpowerup                         powerup      0000
__Lram                             ram          0000
__Lreset_vec                       reset_vec    0000
__Lsfr0                            sfr0         0000
__Lsfr1                            sfr1         0000
__Lsfr2                            sfr2         0000
__Lsfr3                            sfr3         0000
__Lspace_0                         (abs)        0000
__Lspace_1                         (abs)        0000
__Lspace_2                         (abs)        0000
__Lspace_3                         (abs)        0000
__Lspace_4                         (abs)        0000
__Lstack                           stack        0000
__Lstrings                         strings      0000
__Ltext                            text         0000
__S0                               (abs)        0800
__S1                               (abs)        007E
__S2                               (abs)        0000
__S3                               (abs)        0000
___awdiv                           text7        054E
___awdiv@counter                   cstackCOMMON 0075
___awdiv@dividend                  cstackCOMMON 0072
___awdiv@divisor                   cstackCOMMON 0070
___awdiv@quotient                  cstackCOMMON 0077
___awdiv@sign                      cstackCOMMON 0076
___int_sp                          stack        0000
___latbits                         (abs)        0002
___lldiv                           text19       04E8
___lldiv@counter                   cstackCOMMON 007D
___lldiv@dividend                  cstackCOMMON 0074
___lldiv@divisor                   cstackCOMMON 0070
___lldiv@quotient                  cstackCOMMON 0079
___sp                              stack        0000
___stackhi                         (abs)        0000
___stacklo                         (abs)        0000
___wmul                            text6        03BF
___wmul@multiplicand               cstackCOMMON 0072
___wmul@multiplier                 cstackCOMMON 0070
___wmul@product                    cstackCOMMON 0074
__end_of_CMD_LCD                   text10       0361
__end_of_Char_LCD                  text5        0379
__end_of_Config_Oscilador          text20       0306
__end_of_I2C_Master_Init           text18       044A
__end_of_I2C_Master_Read           text16       0412
__end_of_I2C_Master_RepeatedStart  text15       030F
__end_of_I2C_Master_Start          text14       0318
__end_of_I2C_Master_Stop           text13       0321
__end_of_I2C_Master_Wait           text17       0338
__end_of_I2C_Master_Write          text12       032B
__end_of_LCD_Init_8bits            text9        0496
__end_of_Lcd_Set_Cursor            text8        03BF
__end_of_PORT_LCD                  text11       04E8
__end_of_Print_Cont                text3        062E
__end_of_Write_LCD                 text2        039B
__end_of___awdiv                   text7        05B5
__end_of___lldiv                   text19       054E
__end_of___wmul                    text6        03E4
__end_of__initialization           cinit        07FC
__end_of__stringtab                strings      0009
__end_of_config                    text1        0349
__end_of_main                      maintext     07F7
__end_of_tabla_num                 text4        06B9
__initialization                   cinit        07F7
__pbssBANK0                        bssBANK0     002C
__pcstackBANK0                     cstackBANK0  0020
__pcstackCOMMON                    cstackCOMMON 0070
__pmaintext                        maintext     06B9
__pstrings                         strings      0003
__ptext1                           text1        0338
__ptext10                          text10       0349
__ptext11                          text11       0496
__ptext12                          text12       0321
__ptext13                          text13       0318
__ptext14                          text14       030F
__ptext15                          text15       0306
__ptext16                          text16       03E4
__ptext17                          text17       032B
__ptext18                          text18       0412
__ptext19                          text19       04E8
__ptext2                           text2        0379
__ptext20                          text20       02FE
__ptext3                           text3        05B5
__ptext4                           text4        062E
__ptext5                           text5        0361
__ptext6                           text6        03BF
__ptext7                           text7        054E
__ptext8                           text8        039B
__ptext9                           text9        044A
__size_of_CMD_LCD                  (abs)        0000
__size_of_Char_LCD                 (abs)        0000
__size_of_Config_Oscilador         (abs)        0000
__size_of_I2C_Master_Init          (abs)        0000
__size_of_I2C_Master_Read          (abs)        0000
__size_of_I2C_Master_RepeatedStart (abs)        0000
__size_of_I2C_Master_Start         (abs)        0000
__size_of_I2C_Master_Stop          (abs)        0000
__size_of_I2C_Master_Wait          (abs)        0000
__size_of_I2C_Master_Write         (abs)        0000
__size_of_LCD_Init_8bits           (abs)        0000
__size_of_Lcd_Set_Cursor           (abs)        0000
__size_of_PORT_LCD                 (abs)        0000
__size_of_Print_Cont               (abs)        0000
__size_of_Write_LCD                (abs)        0000
__size_of___awdiv                  (abs)        0000
__size_of___lldiv                  (abs)        0000
__size_of___wmul                   (abs)        0000
__size_of_config                   (abs)        0000
__size_of_main                     (abs)        0000
__size_of_tabla_num                (abs)        0000
__stringbase                       strings      0008
__stringtab                        strings      0003
_config                            text1        0338
_main                              maintext     06B9
_tabla_num                         text4        062E
_temp                              bssBANK0     002C
btemp                              (abs)        007E
end_of_initialization              cinit        07FC
intlevel0                          functab      0000
intlevel1                          functab      0000
intlevel2                          functab      0000
intlevel3                          functab      0000
intlevel4                          functab      0000
intlevel5                          functab      0000
reset_vec                          reset_vec    0000
start                              init         0000
start_initialization               cinit        07F7
tabla_num@numero                   cstackCOMMON 0073
wtemp0                             (abs)        007E


MODULE INFORMATION

Module		Function		Class		Link	Load	Size
../../LIB/LIB.X/LIB.c
		_Config_Oscilador		CODE           	02FE	0000	8

../../LIB/LIB.X/LIB.c estimated size: 8

../../LIB/LIB.X/LCD.c
		_Print_Cont    		CODE           	05B5	0000	121
		_Write_LCD     		CODE           	0379	0000	34
		_LCD_Init_8bits		CODE           	044A	0000	76
		_CMD_LCD       		CODE           	0349	0000	24
		_Char_LCD      		CODE           	0361	0000	24
		_Lcd_Set_Cursor		CODE           	039B	0000	36
		_tabla_num     		CODE           	062E	0000	139
		_PORT_LCD      		CODE           	0496	0000	82

../../LIB/LIB.X/LCD.c estimated size: 536

shared
		__stringtab    		STRING         	0003	0000	6
		__initialization		CODE           	07F7	0000	5

shared estimated size: 11

Lab_04_Maestro.c
		_main          		CODE           	06B9	0000	318
		_config        		CODE           	0338	0000	17

Lab_04_Maestro.c estimated size: 335

../../LIB/LIB.X/I2C.c
		_I2C_Master_Read		CODE           	03E4	0000	46
		_I2C_Master_Wait		CODE           	032B	0000	13
		_I2C_Master_Init		CODE           	0412	0000	56
		_I2C_Master_Stop		CODE           	0318	0000	9
		_I2C_Master_RepeatedStart		CODE           	0306	0000	9
		_I2C_Master_Write		CODE           	0321	0000	10
		_I2C_Master_Start		CODE           	030F	0000	9

../../LIB/LIB.X/I2C.c estimated size: 152

C:\Program Files\Microchip\xc8\v2.32\pic\sources\c90\common\awdiv.c
		___awdiv       		CODE           	054E	0000	103

C:\Program Files\Microchip\xc8\v2.32\pic\sources\c90\common\awdiv.c estimated size: 103

C:\Program Files\Microchip\xc8\v2.32\pic\sources\c90\common\Umul16.c
		___wmul        		CODE           	03BF	0000	37

C:\Program Files\Microchip\xc8\v2.32\pic\sources\c90\common\Umul16.c estimated size: 37

C:\Program Files\Microchip\xc8\v2.32\pic\sources\c90\common\__lldiv.c
		___lldiv       		CODE           	04E8	0000	102

C:\Program Files\Microchip\xc8\v2.32\pic\sources\c90\common\__lldiv.c estimated size: 102

