Microchip MPLAB XC8 Compiler V2.32

Linker command line:

-W-3 --edf=C:\Program Files\Microchip\xc8\v2.32\pic\dat\en_msgs.txt -cn \
  -h+dist/default/production\Lab_04_Maestro.X.production.sym \
  --cmf=dist/default/production\Lab_04_Maestro.X.production.cmf -z -Q16F887 \
  -oC:\Users\fredy\AppData\Local\Temp\xcAsbs8.4 --defsym=__MPLAB_BUILD=1 \
  -Mdist/default/production/Lab_04_Maestro.X.production.map -E1 \
  -ver=XC8 Compiler --acfsm=1493 -ASTACK=0110h-016Fh -pstack=STACK \
  -ACODE=00h-07FFhx4 -ASTRCODE=00h-01FFFh -ASTRING=00h-0FFhx32 \
  -ACONST=00h-0FFhx32 -AENTRY=00h-0FFhx32 -ACOMMON=070h-07Fh \
  -ABANK0=020h-06Fh -ABANK1=0A0h-0EFh -ABANK2=0110h-016Fh \
  -ABANK3=0190h-01EFh -ARAM=020h-06Fh,0A0h-0EFh,0110h-016Fh,0190h-01EFh \
  -AABS1=020h-07Fh,0A0h-0EFh,0110h-016Fh,0190h-01EFh -ASFR0=00h-01Fh \
  -ASFR1=080h-09Fh -ASFR2=0100h-010Fh -ASFR3=0180h-018Fh \
  -ACONFIG=02007h-02008h -DCONFIG=2 -AIDLOC=02000h-02003h -DIDLOC=2 \
  -AEEDATA=00h-0FFh/02100h -peeprom_data=EEDATA -DEEDATA=2 -DCODE=2 \
  -DSTRCODE=2 -DSTRING=2 -DCONST=2 -DENTRY=2 \
  -preset_vec=00h,intentry,init,end_init -ppowerup=CODE -pcinit=CODE \
  -pfunctab=ENTRY -k C:\Users\fredy\AppData\Local\Temp\xcAsbs8.o \
  dist/default/production\Lab_04_Maestro.X.production.o 

Object code version is 3.11

Machine type is 16F887



                Name                               Link     Load   Length Selector   Space Scale
C:\Users\fredy\AppData\Local\Temp\xcAsbs8.o
                end_init                              0        0        3        0       0
                config                             2007     2007        2        0       4
dist/default/production\Lab_04_Maestro.X.production.o
                cinit                               7F0      7F0       10      FE0       0
                config                             2007     2007        2        0       4
                text39                             188F     188F        8     311E       0
                text38                             1C42     1C42       66     3884       0
                text37                             19A3     19A3       38     3346       0
                text36                             18BD     18BD        D     317A       0
                text35                             1975     1975       2E     32EA       0
                text34                             189F     189F        9     313E       0
                text33                             1000     1000        9     193E       0
                text32                             18A8     18A8        A     3150       0
                text31                             1B43     1B43       52     3686       0
                text30                             18ED     18ED       18     31DA       0
                text29                             1A59     1A59       4C     34B2       0
                text28                             1905     1905       24     320A       0
                text27                             1CA8     1CA8       69     3950       0
                text26                             1929     1929       25     3252       0
                text25                             1009     1009       18     2012       0
                text24                             1D8A     1D8A       99     3B14       0
                text23                             1D11     1D11       79     3A22       0
                text22                               CD       CD       2B      19A       0
                text21                             1E23     1E23      1DD     3C46       0
                text20                             18CA     18CA       11     3194       0
                text19                             1AA5     1AA5       4E     354A       0
                text18                             1021     1021       A2     2042       0
                text17                             18B2     18B2        B     3164       0
                text16                             1578     1578      288     2AF0       0
                text15                             1AF3     1AF3       50     35E6       0
                text14                              807      807       7C     100E       0
                text13                             1B95     1B95       54     372A       0
                text12                             10C3     10C3       BA     2186       0
                text11                               F8       F8       BE      1F0       0
                text10                              883      883       BD     1106       0
                text9                              194E     194E       27     329C       0
                text8                               C9F      C9F      361     193E       0
                text7                              1A15     1A15       44     342A       0
                text6                              19DB     19DB       3A     33B6       0
                text5                              136D     136D      20B     26DA       0
                text4                              18DB     18DB       12     31B6       0
                text3                              1BE9     1BE9       59     37D2       0
                text2                               940      940      35F     1280       0
                text1                               1B6      1B6      63A      36C       0
                maintext                           117D     117D      1F0     22FA       0
                cstackBANK0                          20       20       4F       20       1
                cstackCOMMON                         70       70        E       70       1
                cstackBANK1                          A0       A0       2B       A0       1
                clrtext                            1897     1897        8     312E       0
                bssBANK1                             CB       CB       1D       A0       1
                bssBANK0                             6F       6F        1       20       1
                strings                               3        3       CA        6       0

TOTAL           Name                               Link     Load   Length     Space
        CLASS   STACK          

        CLASS   CODE           
                end_init                              0        0        3         0
                cinit                               7F0      7F0       10         0
                text39                             188F     188F        8         0
                text38                             1C42     1C42       66         0
                text37                             19A3     19A3       38         0
                text36                             18BD     18BD        D         0
                text35                             1975     1975       2E         0
                text34                             189F     189F        9         0
                text33                             1000     1000        9         0
                text32                             18A8     18A8        A         0
                text31                             1B43     1B43       52         0
                text30                             18ED     18ED       18         0
                text29                             1A59     1A59       4C         0
                text28                             1905     1905       24         0
                text27                             1CA8     1CA8       69         0
                text26                             1929     1929       25         0
                text25                             1009     1009       18         0
                text24                             1D8A     1D8A       99         0
                text23                             1D11     1D11       79         0
                text22                               CD       CD       2B         0
                text21                             1E23     1E23      1DD         0
                text20                             18CA     18CA       11         0
                text19                             1AA5     1AA5       4E         0
                text18                             1021     1021       A2         0
                text17                             18B2     18B2        B         0
                text16                             1578     1578      288         0
                text15                             1AF3     1AF3       50         0
                text14                              807      807       7C         0
                text13                             1B95     1B95       54         0
                text12                             10C3     10C3       BA         0
                text11                               F8       F8       BE         0
                text10                              883      883       BD         0
                text9                              194E     194E       27         0
                text8                               C9F      C9F      361         0
                text7                              1A15     1A15       44         0
                text6                              19DB     19DB       3A         0
                text5                              136D     136D      20B         0
                text4                              18DB     18DB       12         0
                text3                              1BE9     1BE9       59         0
                text2                               940      940      35F         0
                text1                               1B6      1B6      63A         0
                maintext                           117D     117D      1F0         0
                clrtext                            1897     1897        8         0

        CLASS   STRCODE        

        CLASS   STRING         
                strings                               3        3       CA         0

        CLASS   CONST          

        CLASS   ENTRY          

        CLASS   COMMON         
                cstackCOMMON                         70       70        E         1

        CLASS   BANK0          
                cstackBANK0                          20       20       4F         1
                bssBANK0                             6F       6F        1         1

        CLASS   BANK1          
                cstackBANK1                          A0       A0       2B         1
                bssBANK1                             CB       CB       1D         1

        CLASS   BANK2          

        CLASS   BANK3          

        CLASS   RAM            

        CLASS   ABS1           
                abs_s1                               7E       7E        2         1

        CLASS   SFR0           

        CLASS   SFR1           

        CLASS   SFR2           

        CLASS   SFR3           

        CLASS   CONFIG         
                config                             2007     2007        2         4

        CLASS   IDLOC          

        CLASS   EEDATA         



SEGMENTS        Name                           Load    Length   Top    Selector   Space  Class     Delta

                reset_vec                      000000  000003  000003         0       0  CODE        2
                strings                        000003  0000CA  0000CD         6       0  STRING      2
                cstackBANK0                    000020  000050  000070        20       1  BANK0       1
                cstackCOMMON                   000070  00000E  00007E        70       1  COMMON      1
                cstackBANK1                    0000A0  000048  0000E8        A0       1  BANK1       1
                text22                         0000CD  00002B  0000F8       19A       0  CODE        2
                text11                         0000F8  0000BE  0001B6       1F0       0  CODE        2
                text1                          0001B6  00063A  0007F0       36C       0  CODE        2
                cinit                          0007F0  000010  000800       FE0       0  CODE        2
                text14                         000807  00007C  000883      100E       0  CODE        2
                text10                         000883  0000BD  000940      1106       0  CODE        2
                text2                          000940  00035F  000C9F      1280       0  CODE        2
                text8                          000C9F  00036A  001009      193E       0  CODE        2
                text25                         001009  000018  001021      2012       0  CODE        2
                text18                         001021  0000A2  0010C3      2042       0  CODE        2
                text12                         0010C3  0000BA  00117D      2186       0  CODE        2
                maintext                       00117D  0001F0  00136D      22FA       0  CODE        2
                text5                          00136D  00020B  001578      26DA       0  CODE        2
                text16                         001578  000288  001800      2AF0       0  CODE        2
                text39                         00188F  000008  001897      311E       0  CODE        2
                clrtext                        001897  000008  00189F      312E       0  CODE        2
                text34                         00189F  000009  0018A8      313E       0  CODE        2
                text32                         0018A8  00000A  0018B2      3150       0  CODE        2
                text17                         0018B2  00000B  0018BD      3164       0  CODE        2
                text36                         0018BD  00000D  0018CA      317A       0  CODE        2
                text20                         0018CA  000011  0018DB      3194       0  CODE        2
                text4                          0018DB  000012  0018ED      31B6       0  CODE        2
                text30                         0018ED  000018  001905      31DA       0  CODE        2
                text28                         001905  000024  001929      320A       0  CODE        2
                text26                         001929  000025  00194E      3252       0  CODE        2
                text9                          00194E  000027  001975      329C       0  CODE        2
                text35                         001975  00002E  0019A3      32EA       0  CODE        2
                text37                         0019A3  000038  0019DB      3346       0  CODE        2
                text6                          0019DB  00003A  001A15      33B6       0  CODE        2
                text7                          001A15  000044  001A59      342A       0  CODE        2
                text29                         001A59  00004C  001AA5      34B2       0  CODE        2
                text19                         001AA5  00004E  001AF3      354A       0  CODE        2
                text15                         001AF3  000050  001B43      35E6       0  CODE        2
                text31                         001B43  000052  001B95      3686       0  CODE        2
                text13                         001B95  000054  001BE9      372A       0  CODE        2
                text3                          001BE9  000059  001C42      37D2       0  CODE        2
                text38                         001C42  000066  001CA8      3884       0  CODE        2
                text27                         001CA8  000069  001D11      3950       0  CODE        2
                text23                         001D11  000079  001D8A      3A22       0  CODE        2
                text24                         001D8A  000099  001E23      3B14       0  CODE        2
                text21                         001E23  0001DD  002000      3C46       0  CODE        2


UNUSED ADDRESS RANGES

        Name                Unused          Largest block    Delta
        BANK1            00E8-00EF              8           1
        BANK2            0110-016F             60           1
        BANK3            0190-01EF             60           1
        CODE             0800-0806              7           2
                         1800-188E             8F
        CONST            0800-0806              7           2
                         1800-188E             8F
        EEDATA           2100-21FF            100           2
        ENTRY            0800-0806              7           2
                         1800-188E             8F
        IDLOC            2000-2003              4           2
        RAM              00E8-00EF              8           1
                         0110-016F             60
                         0190-01EF             60
        SFR0             0000-001F             20           1
        SFR1             0080-009F             20           1
        SFR2             0100-010F             10           1
        SFR3             0180-018F             10           1
        STACK            0110-016F             60           1
        STRCODE          0800-0806              7           2
                         1800-188E             8F
        STRING           0800-0806              7           2
                         1800-188E             8F

                                  Symbol Table

?_I2C_Master_Read          cstackCOMMON 0070
?__Umul8_16                cstackCOMMON 0070
?___awdiv                  cstackCOMMON 0077
?___awmod                  cstackCOMMON 0070
?___fladd                  cstackBANK0  0058
?___fldiv                  cstackBANK0  003E
?___flmul                  cstackBANK0  0024
?___flneg                  cstackCOMMON 0070
?___flsub                  cstackBANK1  00A0
?___fltol                  cstackBANK0  0051
?___lldiv                  cstackCOMMON 0070
?___llmod                  cstackCOMMON 0070
?___lwdiv                  cstackCOMMON 0076
?___lwmod                  cstackCOMMON 0070
?___wmul                   cstackCOMMON 0070
?___xxtofl                 cstackCOMMON 0070
?__div_to_l_               cstackCOMMON 0070
?__tdiv_to_l_              cstackCOMMON 0070
?_fround                   cstackBANK0  003E
?_scale                    cstackBANK0  003E
?_sprintf                  cstackBANK1  00A8
CMD_LCD@v                  cstackCOMMON 0072
Char_LCD@a                 cstackCOMMON 0072
I2C_Master_Init@c          cstackBANK0  0020
I2C_Master_Read@a          cstackCOMMON 0070
I2C_Master_Read@temp       cstackCOMMON 0074
I2C_Master_Write@d         cstackCOMMON 0070
Lcd_Set_Cursor@a           cstackCOMMON 0075
Lcd_Set_Cursor@b           cstackCOMMON 0073
Lcd_Set_Cursor@temp        cstackCOMMON 0076
PORT_LCD@v                 cstackCOMMON 0070
Print_Cont@centena         cstackBANK0  002A
Print_Cont@decena          cstackBANK0  0028
Print_Cont@temp            cstackBANK0  0026
Print_Cont@unidad          cstackBANK0  0024
Print_Cont@valor           cstackBANK0  002C
Write_LCD@a                cstackCOMMON 0073
Write_LCD@i                cstackCOMMON 0076
_ADCON0bits                (abs)        001F
_ADCON1bits                (abs)        009F
_ADIF                      (abs)        0066
_ADRESH                    (abs)        001E
_ANSEL                     (abs)        0188
_ANSELH                    (abs)        0189
_CMD_LCD                   text30       18ED
_CREN                      (abs)        00C4
_Char_LCD                  text25       1009
_Config_Oscilador          text39       188F
_Cont_Slave_II             bssBANK1     00D7
_GIE                       (abs)        005F
_I2C_Master_Init           text37       19A3
_I2C_Master_Read           text35       1975
_I2C_Master_Start          text34       189F
_I2C_Master_Stop           text33       1000
_I2C_Master_Wait           text36       18BD
_I2C_Master_Write          text32       18A8
_INTCON                    (abs)        000B
_INTCONbits                (abs)        000B
_IOCB0                     (abs)        04B0
_IOCB1                     (abs)        04B1
_IRCF0                     (abs)        047C
_IRCF1                     (abs)        047D
_IRCF2                     (abs)        047E
_LCD_Init_8bits            text29       1A59
_Lcd_Set_Cursor            text28       1905
_OPTION_REGbits            (abs)        0081
_PEIE                      (abs)        005E
_PIE1bits                  (abs)        008C
_PIR1bits                  (abs)        000C
_PORTA                     (abs)        0005
_PORTAbits                 (abs)        0005
_PORTB                     (abs)        0006
_PORTC                     (abs)        0007
_PORTCbits                 (abs)        0007
_PORTD                     (abs)        0008
_PORTE                     (abs)        0009
_PORTEbits                 (abs)        0009
_PORT_LCD                  text31       1B43
_PS0                       (abs)        0408
_PS1                       (abs)        0409
_PS2                       (abs)        040A
_PSA                       (abs)        040B
_Print_Cont                text23       1D11
_RA0                       (abs)        0028
_RBIE                      (abs)        005B
_RE2                       (abs)        004A
_SPBRG                     (abs)        0099
_SPEN                      (abs)        00C7
_SSPADD                    (abs)        0093
_SSPBUF                    (abs)        0013
_SSPCON                    (abs)        0014
_SSPCON2                   (abs)        0091
_SSPCON2bits               (abs)        0091
_SSPCONbits                (abs)        0014
_SSPIE                     (abs)        0463
_SSPIF                     (abs)        0063
_SSPSTAT                   (abs)        0094
_SSPSTATbits               (abs)        0094
_SYNC                      (abs)        04C4
_Sen_LS                    bssBANK1     00D1
_Sen_MS                    bssBANK1     00D3
_Sen_Total                 bssBANK1     00CF
_T0CS                      (abs)        040D
_TMR0                      (abs)        0001
_TRISA                     (abs)        0085
_TRISAbits                 (abs)        0085
_TRISB                     (abs)        0086
_TRISC                     (abs)        0087
_TRISC3                    (abs)        043B
_TRISC4                    (abs)        043C
_TRISC5                    (abs)        043D
_TRISCbits                 (abs)        0087
_TRISD                     (abs)        0088
_TRISE                     (abs)        0089
_TXEN                      (abs)        04C5
_TXREG                     (abs)        0019
_Temperatura               bssBANK1     00CB
_WPUBbits                  (abs)        0095
_Write_LCD                 text22       00CD
__Habs1                    abs1         0000
__Hbank0                   bank0        0000
__Hbank1                   bank1        0000
__Hbank2                   bank2        0000
__Hbank3                   bank3        0000
__HbssBANK0                bssBANK0     0000
__HbssBANK1                bssBANK1     0000
__Hcinit                   cinit        0800
__Hclrtext                 clrtext      0000
__Hcode                    code         0000
__Hcommon                  common       0000
__Hconfig                  config       2009
__HcstackBANK0             cstackBANK0  0000
__HcstackBANK1             cstackBANK1  0000
__HcstackCOMMON            cstackCOMMON 0000
__Heeprom_data             eeprom_data  0000
__Hend_init                end_init     0003
__Hfunctab                 functab      0000
__Hinit                    init         0000
__Hintentry                intentry     0000
__Hmaintext                maintext     0000
__Hpowerup                 powerup      0000
__Hram                     ram          0000
__Hreset_vec               reset_vec    0000
__Hsfr0                    sfr0         0000
__Hsfr1                    sfr1         0000
__Hsfr2                    sfr2         0000
__Hsfr3                    sfr3         0000
__Hspace_0                 (abs)        2000
__Hspace_1                 (abs)        00E8
__Hspace_2                 (abs)        0000
__Hspace_3                 (abs)        0000
__Hspace_4                 (abs)        4010
__Hstack                   stack        0000
__Hstrings                 strings      0000
__Htext                    text         0000
__Labs1                    abs1         0000
__Lbank0                   bank0        0000
__Lbank1                   bank1        0000
__Lbank2                   bank2        0000
__Lbank3                   bank3        0000
__LbssBANK0                bssBANK0     0000
__LbssBANK1                bssBANK1     0000
__Lcinit                   cinit        07F0
__Lclrtext                 clrtext      0000
__Lcode                    code         0000
__Lcommon                  common       0000
__Lconfig                  config       0000
__LcstackBANK0             cstackBANK0  0000
__LcstackBANK1             cstackBANK1  0000
__LcstackCOMMON            cstackCOMMON 0000
__Leeprom_data             eeprom_data  0000
__Lend_init                end_init     0000
__Lfunctab                 functab      0000
__Linit                    init         0000
__Lintentry                intentry     0000
__Lmaintext                maintext     0000
__Lpowerup                 powerup      0000
__Lram                     ram          0000
__Lreset_vec               reset_vec    0000
__Lsfr0                    sfr0         0000
__Lsfr1                    sfr1         0000
__Lsfr2                    sfr2         0000
__Lsfr3                    sfr3         0000
__Lspace_0                 (abs)        0000
__Lspace_1                 (abs)        0000
__Lspace_2                 (abs)        0000
__Lspace_3                 (abs)        0000
__Lspace_4                 (abs)        0000
__Lstack                   stack        0000
__Lstrings                 strings      0000
__Ltext                    text         0000
__S0                       (abs)        2000
__S1                       (abs)        00E8
__S2                       (abs)        0000
__S3                       (abs)        0000
__Umul8_16                 text9        194E
__Umul8_16@multiplicand    cstackCOMMON 0070
__Umul8_16@multiplier      cstackCOMMON 0078
__Umul8_16@product         cstackCOMMON 0074
__Umul8_16@word_mpld       cstackCOMMON 0076
___awdiv                   text27       1CA8
___awdiv@counter           cstackBANK0  0020
___awdiv@dividend          cstackCOMMON 0079
___awdiv@divisor           cstackCOMMON 0077
___awdiv@quotient          cstackBANK0  0022
___awdiv@sign              cstackBANK0  0021
___awmod                   text3        1BE9
___awmod@counter           cstackCOMMON 0075
___awmod@dividend          cstackCOMMON 0072
___awmod@divisor           cstackCOMMON 0070
___awmod@sign              cstackCOMMON 0076
___fladd                   text16       1578
___fladd@a                 cstackBANK0  005C
___fladd@aexp              cstackBANK0  0069
___fladd@b                 cstackBANK0  0058
___fladd@bexp              cstackBANK0  006A
___fladd@grs               cstackBANK0  006B
___fladd@signs             cstackBANK0  0068
___fldiv                   text21       1E23
___fldiv@a                 cstackBANK0  003E
___fldiv@aexp              cstackBANK0  0057
___fldiv@b                 cstackBANK0  0042
___fldiv@bexp              cstackBANK0  0056
___fldiv@grs               cstackBANK0  0052
___fldiv@new_exp           cstackBANK0  0050
___fldiv@rem               cstackBANK0  004B
___fldiv@sign              cstackBANK0  004F
___fleq                    text19       1AA5
___fleq@ff1                cstackCOMMON 0070
___fleq@ff2                cstackCOMMON 0074
___flge                    text18       1021
___flge@ff1                cstackCOMMON 0070
___flge@ff2                cstackCOMMON 0074
___flmul                   text8        0C9F
___flmul@a                 cstackBANK0  0028
___flmul@aexp              cstackBANK0  0036
___flmul@b                 cstackBANK0  0024
___flmul@bexp              cstackBANK0  0037
___flmul@grs               cstackBANK0  0032
___flmul@prod              cstackBANK0  0038
___flmul@sign              cstackBANK0  0031
___flmul@temp              cstackBANK0  003C
___flneg                   text17       18B2
___flneg@f1                cstackCOMMON 0070
___flsub                   text15       1AF3
___flsub@a                 cstackBANK1  00A0
___flsub@b                 cstackBANK1  00A4
___fltol                   text14       0807
___fltol@exp1              cstackBANK0  005B
___fltol@f1                cstackBANK0  0051
___fltol@sign1             cstackBANK0  005A
___int_sp                  stack        0000
___latbits                 (abs)        0002
___lldiv                   text38       1C42
___lldiv@counter           cstackCOMMON 007D
___lldiv@dividend          cstackCOMMON 0074
___lldiv@divisor           cstackCOMMON 0070
___lldiv@quotient          cstackCOMMON 0079
___llmod                   text13       1B95
___llmod@counter           cstackCOMMON 0079
___llmod@dividend          cstackCOMMON 0074
___llmod@divisor           cstackCOMMON 0070
___lwdiv                   text7        1A15
___lwdiv@counter           cstackCOMMON 007D
___lwdiv@dividend          cstackCOMMON 0078
___lwdiv@divisor           cstackCOMMON 0076
___lwdiv@quotient          cstackCOMMON 007B
___lwmod                   text6        19DB
___lwmod@counter           cstackCOMMON 0075
___lwmod@dividend          cstackCOMMON 0072
___lwmod@divisor           cstackCOMMON 0070
___sp                      stack        0000
___stackhi                 (abs)        0000
___stacklo                 (abs)        0000
___wmul                    text26       1929
___wmul@multiplicand       cstackCOMMON 0072
___wmul@multiplier         cstackCOMMON 0070
___wmul@product            cstackCOMMON 0074
___xxtofl                  text12       10C3
___xxtofl@arg              cstackCOMMON 007A
___xxtofl@exp              cstackCOMMON 0079
___xxtofl@sign             cstackCOMMON 0078
___xxtofl@val              cstackCOMMON 0070
__div_to_l_                text11       00F8
__div_to_l_@cntr           cstackBANK0  0024
__div_to_l_@exp1           cstackBANK0  0025
__div_to_l_@f1             cstackCOMMON 0070
__div_to_l_@f2             cstackCOMMON 0074
__div_to_l_@quot           cstackBANK0  0020
__end_of_CMD_LCD           text30       1905
__end_of_Char_LCD          text25       1021
__end_of_Config_Oscilador  text39       1897
__end_of_I2C_Master_Init   text37       19DB
__end_of_I2C_Master_Read   text35       19A3
__end_of_I2C_Master_Start  text34       18A8
__end_of_I2C_Master_Stop   text33       1009
__end_of_I2C_Master_Wait   text36       18CA
__end_of_I2C_Master_Write  text32       18B2
__end_of_LCD_Init_8bits    text29       1AA5
__end_of_Lcd_Set_Cursor    text28       1929
__end_of_PORT_LCD          text31       1B95
__end_of_Print_Cont        text23       1D8A
__end_of_Write_LCD         text22       00F8
__end_of__Umul8_16         text9        1975
__end_of___awdiv           text27       1D11
__end_of___awmod           text3        1C42
__end_of___fladd           text16       1800
__end_of___fldiv           text21       2000
__end_of___fleq            text19       1AF3
__end_of___flge            text18       10C3
__end_of___flmul           text8        1000
__end_of___flneg           text17       18BD
__end_of___flsub           text15       1B43
__end_of___fltol           text14       0883
__end_of___lldiv           text38       1CA8
__end_of___llmod           text13       1BE9
__end_of___lwdiv           text7        1A59
__end_of___lwmod           text6        1A15
__end_of___wmul            text26       194E
__end_of___xxtofl          text12       117D
__end_of__div_to_l_        text11       01B6
__end_of__initialization   cinit        07FC
__end_of__npowers_         strings      007B
__end_of__powers_          strings      0047
__end_of__stringtab        strings      0013
__end_of__tdiv_to_l_       text10       0940
__end_of_config            text20       18DB
__end_of_dpowers           strings      00A3
__end_of_fround            text5        1578
__end_of_isdigit           text4        18ED
__end_of_main              maintext     136D
__end_of_scale             text2        0C9F
__end_of_sprintf           text1        07F0
__end_of_tabla_num         text24       1E23
__initialization           cinit        07F0
__npowers_                 strings      0047
__pbssBANK0                bssBANK0     006F
__pbssBANK1                bssBANK1     00CB
__pcstackBANK0             cstackBANK0  0020
__pcstackBANK1             cstackBANK1  00A0
__pcstackCOMMON            cstackCOMMON 0070
__pmaintext                maintext     117D
__powers_                  strings      0013
__pstrings                 strings      0003
__ptext1                   text1        01B6
__ptext10                  text10       0883
__ptext11                  text11       00F8
__ptext12                  text12       10C3
__ptext13                  text13       1B95
__ptext14                  text14       0807
__ptext15                  text15       1AF3
__ptext16                  text16       1578
__ptext17                  text17       18B2
__ptext18                  text18       1021
__ptext19                  text19       1AA5
__ptext2                   text2        0940
__ptext20                  text20       18CA
__ptext21                  text21       1E23
__ptext22                  text22       00CD
__ptext23                  text23       1D11
__ptext24                  text24       1D8A
__ptext25                  text25       1009
__ptext26                  text26       1929
__ptext27                  text27       1CA8
__ptext28                  text28       1905
__ptext29                  text29       1A59
__ptext3                   text3        1BE9
__ptext30                  text30       18ED
__ptext31                  text31       1B43
__ptext32                  text32       18A8
__ptext33                  text33       1000
__ptext34                  text34       189F
__ptext35                  text35       1975
__ptext36                  text36       18BD
__ptext37                  text37       19A3
__ptext38                  text38       1C42
__ptext39                  text39       188F
__ptext4                   text4        18DB
__ptext5                   text5        136D
__ptext6                   text6        19DB
__ptext7                   text7        1A15
__ptext8                   text8        0C9F
__ptext9                   text9        194E
__size_of_CMD_LCD          (abs)        0000
__size_of_Char_LCD         (abs)        0000
__size_of_Config_Oscilador (abs)        0000
__size_of_I2C_Master_Init  (abs)        0000
__size_of_I2C_Master_Read  (abs)        0000
__size_of_I2C_Master_Start (abs)        0000
__size_of_I2C_Master_Stop  (abs)        0000
__size_of_I2C_Master_Wait  (abs)        0000
__size_of_I2C_Master_Write (abs)        0000
__size_of_LCD_Init_8bits   (abs)        0000
__size_of_Lcd_Set_Cursor   (abs)        0000
__size_of_PORT_LCD         (abs)        0000
__size_of_Print_Cont       (abs)        0000
__size_of_Write_LCD        (abs)        0000
__size_of__Umul8_16        (abs)        0000
__size_of___awdiv          (abs)        0000
__size_of___awmod          (abs)        0000
__size_of___fladd          (abs)        0000
__size_of___fldiv          (abs)        0000
__size_of___fleq           (abs)        0000
__size_of___flge           (abs)        0000
__size_of___flmul          (abs)        0000
__size_of___flneg          (abs)        0000
__size_of___flsub          (abs)        0000
__size_of___fltol          (abs)        0000
__size_of___lldiv          (abs)        0000
__size_of___llmod          (abs)        0000
__size_of___lwdiv          (abs)        0000
__size_of___lwmod          (abs)        0000
__size_of___wmul           (abs)        0000
__size_of___xxtofl         (abs)        0000
__size_of__div_to_l_       (abs)        0000
__size_of__tdiv_to_l_      (abs)        0000
__size_of_config           (abs)        0000
__size_of_fround           (abs)        0000
__size_of_isdigit          (abs)        0000
__size_of_main             (abs)        0000
__size_of_scale            (abs)        0000
__size_of_sprintf          (abs)        0000
__size_of_tabla_num        (abs)        0000
__stringbase               strings      0012
__stringtab                strings      0003
__tdiv_to_l_               text10       0883
__tdiv_to_l_@cntr          cstackBANK0  0024
__tdiv_to_l_@exp1          cstackBANK0  0025
__tdiv_to_l_@f1            cstackCOMMON 0070
__tdiv_to_l_@f2            cstackCOMMON 0074
__tdiv_to_l_@quot          cstackBANK0  0020
_config                    text20       18CA
_dpowers                   strings      007B
_fround                    text5        136D
_fround$1568               cstackBANK0  004D
_fround$1569               cstackBANK0  0049
_isdigit                   text4        18DB
_isdigit$1346              cstackCOMMON 0070
_main                      maintext     117D
_scale                     text2        0940
_scale$1570                cstackBANK0  004C
_sprintf                   text1        01B6
_sprintf$1571              cstackBANK1  00B2
_tabla_num                 text24       1D8A
_temp                      bssBANK1     00D6
_text                      bssBANK1     00D8
btemp                      (abs)        007E
clear_ram0                 clrtext      1897
end_of_initialization      cinit        07FC
fround@prec                cstackBANK0  0051
intlevel0                  functab      0000
intlevel1                  functab      0000
intlevel2                  functab      0000
intlevel3                  functab      0000
intlevel4                  functab      0000
intlevel5                  functab      0000
isdigit@c                  cstackCOMMON 0071
reset_vec                  reset_vec    0000
scale@scl                  cstackBANK0  0050
sprintf@ap                 cstackBANK1  00B6
sprintf@c                  cstackBANK1  00CA
sprintf@eexp               cstackBANK1  00BD
sprintf@f                  cstackBANK1  00A8
sprintf@flag               cstackBANK1  00B7
sprintf@fval               cstackBANK1  00C6
sprintf@prec               cstackBANK1  00C4
sprintf@sp                 cstackBANK1  00C3
sprintf@tmpval             cstackBANK1  00BF
sprintf@val                cstackBANK1  00B9
start                      init         0000
start_initialization       cinit        07F0
tabla_num@numero           cstackCOMMON 0073
wtemp0                     (abs)        007E


MODULE INFORMATION

Module		Function		Class		Link	Load	Size
../../LIB/LIB.X/LIB.c
		_Config_Oscilador		CODE           	188F	0000	8

../../LIB/LIB.X/LIB.c estimated size: 8

C:\Program Files\Microchip\xc8\v2.32\pic\sources\c90\common\isdigit.c
		_isdigit       		CODE           	18DB	0000	18

C:\Program Files\Microchip\xc8\v2.32\pic\sources\c90\common\isdigit.c estimated size: 18

C:\Program Files\Microchip\xc8\v2.32\pic\sources\c90\common\sprcadd.c
		___flsub       		CODE           	1AF3	0000	80
		___fladd       		CODE           	1578	0000	648

C:\Program Files\Microchip\xc8\v2.32\pic\sources\c90\common\sprcadd.c estimated size: 728

C:\Program Files\Microchip\xc8\v2.32\pic\sources\c90\common\flge.c
		___flge        		CODE           	1021	0000	162

C:\Program Files\Microchip\xc8\v2.32\pic\sources\c90\common\flge.c estimated size: 162

C:\Program Files\Microchip\xc8\v2.32\pic\sources\c90\common\fldivl.c
		__div_to_l_    		CODE           	00F8	0000	190

C:\Program Files\Microchip\xc8\v2.32\pic\sources\c90\common\fldivl.c estimated size: 190

C:\Program Files\Microchip\xc8\v2.32\pic\sources\c90\common\flneg.c
		___flneg       		CODE           	18B2	0000	11

C:\Program Files\Microchip\xc8\v2.32\pic\sources\c90\common\flneg.c estimated size: 11

C:\Program Files\Microchip\xc8\v2.32\pic\sources\c90\common\xxtofl.c
		___xxtofl      		CODE           	10C3	0000	186

C:\Program Files\Microchip\xc8\v2.32\pic\sources\c90\common\xxtofl.c estimated size: 186

C:\Program Files\Microchip\xc8\v2.32\pic\sources\c90\common\Umul8_16.c
		__Umul8_16     		CODE           	194E	0000	39

C:\Program Files\Microchip\xc8\v2.32\pic\sources\c90\common\Umul8_16.c estimated size: 39

../../LIB/LIB.X/LCD.c
		_Print_Cont    		CODE           	1D11	0000	121
		_Write_LCD     		CODE           	00CD	0000	43
		_LCD_Init_8bits		CODE           	1A59	0000	76
		_CMD_LCD       		CODE           	18ED	0000	24
		_Char_LCD      		CODE           	1009	0000	24
		_Lcd_Set_Cursor		CODE           	1905	0000	36
		_tabla_num     		CODE           	1D8A	0000	153
		_PORT_LCD      		CODE           	1B43	0000	82

../../LIB/LIB.X/LCD.c estimated size: 559

C:\Program Files\Microchip\xc8\v2.32\pic\sources\c90\common\lwmod.c
		___lwmod       		CODE           	19DB	0000	58

C:\Program Files\Microchip\xc8\v2.32\pic\sources\c90\common\lwmod.c estimated size: 58

C:\Program Files\Microchip\xc8\v2.32\pic\sources\c90\common\awmod.c
		___awmod       		CODE           	1BE9	0000	89

C:\Program Files\Microchip\xc8\v2.32\pic\sources\c90\common\awmod.c estimated size: 89

C:\Program Files\Microchip\xc8\v2.32\pic\sources\c90\common\llmod.c
		___llmod       		CODE           	1B95	0000	84

C:\Program Files\Microchip\xc8\v2.32\pic\sources\c90\common\llmod.c estimated size: 84

shared
		__stringtab    		STRING         	0003	0000	16
		__powers_      		STRING         	0013	0000	52
		_dpowers       		STRING         	007B	0000	40
		__npowers_     		STRING         	0047	0000	52
		__initialization		CODE           	07F0	0000	12

shared estimated size: 172

Lab_04_Maestro.c
		_main          		CODE           	117D	0000	496
		_config        		CODE           	18CA	0000	17

Lab_04_Maestro.c estimated size: 513

C:\Program Files\Microchip\xc8\v2.32\pic\sources\c90\common\fleq.c
		___fleq        		CODE           	1AA5	0000	78

C:\Program Files\Microchip\xc8\v2.32\pic\sources\c90\common\fleq.c estimated size: 78

C:\Program Files\Microchip\xc8\v2.32\pic\sources\c90\common\sprcmul.c
		___flmul       		CODE           	0C9F	0000	865

C:\Program Files\Microchip\xc8\v2.32\pic\sources\c90\common\sprcmul.c estimated size: 865

../../LIB/LIB.X/I2C.c
		_I2C_Master_Read		CODE           	1975	0000	46
		_I2C_Master_Wait		CODE           	18BD	0000	13
		_I2C_Master_Init		CODE           	19A3	0000	56
		_I2C_Master_Stop		CODE           	1000	0000	9
		_I2C_Master_Write		CODE           	18A8	0000	10
		_I2C_Master_Start		CODE           	189F	0000	9

../../LIB/LIB.X/I2C.c estimated size: 143

C:\Program Files\Microchip\xc8\v2.32\pic\sources\c90\common\sprcdiv.c
		___fldiv       		CODE           	1E23	0000	477

C:\Program Files\Microchip\xc8\v2.32\pic\sources\c90\common\sprcdiv.c estimated size: 477

C:\Program Files\Microchip\xc8\v2.32\pic\sources\c90\common\doprnt.c
		_scale         		CODE           	0940	0000	863
		_sprintf       		CODE           	01B6	0000	1594
		_fround        		CODE           	136D	0000	523

C:\Program Files\Microchip\xc8\v2.32\pic\sources\c90\common\doprnt.c estimated size: 2980

C:\Program Files\Microchip\xc8\v2.32\pic\sources\c90\common\ftdivl.c
		__tdiv_to_l_   		CODE           	0883	0000	189

C:\Program Files\Microchip\xc8\v2.32\pic\sources\c90\common\ftdivl.c estimated size: 189

C:\Program Files\Microchip\xc8\v2.32\pic\sources\c90\common\lwdiv.c
		___lwdiv       		CODE           	1A15	0000	68

C:\Program Files\Microchip\xc8\v2.32\pic\sources\c90\common\lwdiv.c estimated size: 68

C:\Program Files\Microchip\xc8\v2.32\pic\sources\c90\common\awdiv.c
		___awdiv       		CODE           	1CA8	0000	105

C:\Program Files\Microchip\xc8\v2.32\pic\sources\c90\common\awdiv.c estimated size: 105

C:\Program Files\Microchip\xc8\v2.32\pic\sources\c90\common\Umul16.c
		___wmul        		CODE           	1929	0000	37

C:\Program Files\Microchip\xc8\v2.32\pic\sources\c90\common\Umul16.c estimated size: 37

C:\Program Files\Microchip\xc8\v2.32\pic\sources\c90\common\fltol.c
		___fltol       		CODE           	0807	0000	124

C:\Program Files\Microchip\xc8\v2.32\pic\sources\c90\common\fltol.c estimated size: 124

C:\Program Files\Microchip\xc8\v2.32\pic\sources\c90\common\__lldiv.c
		___lldiv       		CODE           	1C42	0000	102

C:\Program Files\Microchip\xc8\v2.32\pic\sources\c90\common\__lldiv.c estimated size: 102

