Microchip MPLAB XC8 Compiler V2.32

Linker command line:

-W-3 --edf=C:\Program Files\Microchip\xc8\v2.32\pic\dat\en_msgs.txt -cn \
  -h+dist/default/production\Lab_03_Master.X.production.sym \
  --cmf=dist/default/production\Lab_03_Master.X.production.cmf -z -Q16F887 \
  -oC:\Users\fredy\AppData\Local\Temp\xcAshb0.4 --defsym=__MPLAB_BUILD=1 \
  -Mdist/default/production/Lab_03_Master.X.production.map -E1 \
  -ver=XC8 Compiler --acfsm=1493 -ASTACK=0110h-016Fh -pstack=STACK \
  -ACODE=00h-07FFhx4 -ASTRCODE=00h-01FFFh -ASTRING=00h-0FFhx32 \
  -ACONST=00h-0FFhx32 -AENTRY=00h-0FFhx32 -ACOMMON=070h-07Fh \
  -ABANK0=020h-06Fh -ABANK1=0A0h-0EFh -ABANK2=0110h-016Fh \
  -ABANK3=0190h-01EFh -ARAM=020h-06Fh,0A0h-0EFh,0110h-016Fh,0190h-01EFh \
  -AABS1=020h-07Fh,0A0h-0EFh,0110h-016Fh,0190h-01EFh -ASFR0=00h-01Fh \
  -ASFR1=080h-09Fh -ASFR2=0100h-010Fh -ASFR3=0180h-018Fh \
  -ACONFIG=02007h-02008h -DCONFIG=2 -AIDLOC=02000h-02003h -DIDLOC=2 \
  -AEEDATA=00h-0FFh/02100h -peeprom_data=EEDATA -DEEDATA=2 -DCODE=2 \
  -DSTRCODE=2 -DSTRING=2 -DCONST=2 -DENTRY=2 \
  -preset_vec=00h,intentry=04h,init,end_init -ppowerup=CODE -pcinit=CODE \
  -pfunctab=ENTRY -k C:\Users\fredy\AppData\Local\Temp\xcAshb0.o \
  dist/default/production\Lab_03_Master.X.production.o 

Object code version is 3.11

Machine type is 16F887



                Name                               Link     Load   Length Selector   Space Scale
C:\Users\fredy\AppData\Local\Temp\xcAshb0.o
                end_init                              C        C        3        8       0
                reset_vec                             0        0        3        0       0
                config                             2007     2007        2        0       4
dist/default/production\Lab_03_Master.X.production.o
                cinit                                 F        F        E        8       0
                intentry                              4        4        8        8       0
                config                             2007     2007        2        0       4
                text14                              31C      31C       10      5A0       0
                text13                              32C      32C        8      5A0       0
                text12                              2F8      2F8       13      5A0       0
                text11                              30B      30B       11      5A0       0
                text10                              2E5      2E5       13      5A0       0
                text9                               334      334        6      5A0       0
                text8                               1F2      1F2       46        8       0
                text7                               2D0      2D0       15      5A0       0
                text6                               26C      26C       29        8       0
                text5                               12D      12D       69        8       0
                text4                               295      295       25        8       0
                text3                                B6       B6       77        8       0
                text2                                1D       1D       99        8       0
                text1                               196      196       5C        8       0
                maintext                            238      238       34        8       0
                cstackBANK0                          20       20       12       20       1
                cstackCOMMON                         70       70        A       70       1
                dataBANK0                            34       34        1       20       1
                bssBANK0                             32       32        2       20       1
                bssCOMMON                            7A       7A        2       70       1
                strings                             2BA      2BA       16      574       0
                idataBANK0                          33A      33A        1      5A0       0

TOTAL           Name                               Link     Load   Length     Space
        CLASS   STACK          

        CLASS   CODE           
                end_init                              C        C        3         0
                cinit                                 F        F        E         0
                intentry                              4        4        8         0
                reset_vec                             0        0        3         0
                text14                              31C      31C       10         0
                text13                              32C      32C        8         0
                text12                              2F8      2F8       13         0
                text11                              30B      30B       11         0
                text10                              2E5      2E5       13         0
                text9                               334      334        6         0
                text8                               1F2      1F2       46         0
                text7                               2D0      2D0       15         0
                text6                               26C      26C       29         0
                text5                               12D      12D       69         0
                text4                               295      295       25         0
                text3                                B6       B6       77         0
                text2                                1D       1D       99         0
                text1                               196      196       5C         0
                maintext                            238      238       34         0
                idataBANK0                          33A      33A        1         0

        CLASS   STRCODE        

        CLASS   STRING         
                strings                             2BA      2BA       16         0

        CLASS   CONST          

        CLASS   ENTRY          

        CLASS   COMMON         
                cstackCOMMON                         70       70        A         1
                bssCOMMON                            7A       7A        2         1

        CLASS   BANK0          
                cstackBANK0                          20       20       12         1
                dataBANK0                            34       34        1         1
                bssBANK0                             32       32        2         1

        CLASS   BANK1          

        CLASS   BANK2          

        CLASS   BANK3          

        CLASS   RAM            

        CLASS   ABS1           
                abs_s1                               7E       7E        2         1

        CLASS   SFR0           

        CLASS   SFR1           

        CLASS   SFR2           

        CLASS   SFR3           

        CLASS   CONFIG         
                config                             2007     2007        2         4

        CLASS   IDLOC          

        CLASS   EEDATA         



SEGMENTS        Name                           Load    Length   Top    Selector   Space  Class     Delta

                reset_vec                      000000  000003  000003         0       0  CODE        2
                intentry                       000004  0002B6  0002BA         8       0  CODE        2
                cstackBANK0                    000020  000015  000035        20       1  BANK0       1
                cstackCOMMON                   000070  00000C  00007C        70       1  COMMON      1
                strings                        0002BA  000016  0002D0       574       0  STRING      2
                text7                          0002D0  00006B  00033B       5A0       0  CODE        2


UNUSED ADDRESS RANGES

        Name                Unused          Largest block    Delta
        BANK0            0035-006F             3B           1
        BANK1            00A0-00EF             50           1
        BANK2            0110-016F             60           1
        BANK3            0190-01EF             60           1
        CODE             0003-0003              1           2
                         033B-1FFF            800
        COMMON           007C-007D              2           1
        CONST            0003-0003              1           2
                         033B-1FFF            100
        EEDATA           2100-21FF            100           2
        ENTRY            0003-0003              1           2
                         033B-1FFF            100
        IDLOC            2000-2003              4           2
        RAM              0035-006F             3B           1
                         00A0-00EF             50
                         0110-016F             60
                         0190-01EF             60
        SFR0             0000-001F             20           1
        SFR1             0080-009F             20           1
        SFR2             0100-010F             10           1
        SFR3             0180-018F             10           1
        STACK            0110-016F             60           1
        STRCODE          0003-0003              1           2
                         033B-1FFF           1CC5
        STRING           0003-0003              1           2
                         033B-1FFF            100

                                  Symbol Table

?___awdiv                  cstackCOMMON 0072
?___wmul                   cstackCOMMON 0072
SPI@v1                     cstackCOMMON 0077
SPI@v2                     cstackCOMMON 0074
Texto_USART@i              cstackCOMMON 0074
Texto_USART@texto          cstackCOMMON 0075
USART_Num@centena          cstackBANK0  0029
USART_Num@decena           cstackBANK0  0027
USART_Num@temp             cstackBANK0  002B
USART_Num@unidad           cstackBANK0  0025
USART_Num@valor            cstackBANK0  0024
_ADCON0bits                (abs)        001F
_ADCON1bits                (abs)        009F
_ADIF                      (abs)        0066
_ADRESH                    (abs)        001E
_ANSEL                     (abs)        0188
_ANSELH                    (abs)        0189
_CREN                      (abs)        00C4
_Config_Oscilador          text13       032C
_Config_USART              text12       02F8
_INTCON                    (abs)        000B
_INTCONbits                (abs)        000B
_IRCF0                     (abs)        047C
_IRCF1                     (abs)        047D
_IRCF2                     (abs)        047E
_Init_Master               text11       030B
_PIE1bits                  (abs)        008C
_PIR1bits                  (abs)        000C
_PORTA                     (abs)        0005
_PORTB                     (abs)        0006
_PORTC                     (abs)        0007
_PORTCbits                 (abs)        0007
_PORTD                     (abs)        0008
_PORTE                     (abs)        0009
_PS0                       (abs)        0408
_PS1                       (abs)        0409
_PS2                       (abs)        040A
_PSA                       (abs)        040B
_RA0                       (abs)        0028
_RCIF                      (abs)        0065
_RCREG                     (abs)        001A
_SPBRG                     (abs)        0099
_SPEN                      (abs)        00C7
_SPI                       text8        01F2
_SSPBUF                    (abs)        0013
_SSPCON                    (abs)        0014
_SSPCONbits                (abs)        0014
_SSPSTAT                   (abs)        0094
_SSPSTATbits               (abs)        0094
_SYNC                      (abs)        04C4
_T0CS                      (abs)        040D
_TMR0                      (abs)        0001
_TRISA                     (abs)        0085
_TRISAbits                 (abs)        0085
_TRISB                     (abs)        0086
_TRISC                     (abs)        0087
_TRISC2                    (abs)        043A
_TRISC3                    (abs)        043B
_TRISC5                    (abs)        043D
_TRISD                     (abs)        0088
_TRISE                     (abs)        0089
_TXEN                      (abs)        04C5
_TXREG                     (abs)        0019
_Texto_USART               text6        026C
_USART_Num                 text2        001D
_V_ADC_0                   bssCOMMON    007B
_V_ADC_1                   bssCOMMON    007A
__Habs1                    abs1         0000
__Hbank0                   bank0        0000
__Hbank1                   bank1        0000
__Hbank2                   bank2        0000
__Hbank3                   bank3        0000
__HbssBANK0                bssBANK0     0000
__HbssCOMMON               bssCOMMON    0000
__Hcinit                   cinit        001D
__Hclrtext                 clrtext      0000
__Hcode                    code         0000
__Hcommon                  common       0000
__Hconfig                  config       2009
__HcstackBANK0             cstackBANK0  0000
__HcstackCOMMON            cstackCOMMON 0000
__HdataBANK0               dataBANK0    0000
__Heeprom_data             eeprom_data  0000
__Hend_init                end_init     000F
__Hfunctab                 functab      0000
__HidataBANK0              idataBANK0   0000
__Hinit                    init         000C
__Hintentry                intentry     000C
__Hmaintext                maintext     0000
__Hpowerup                 powerup      0000
__Hram                     ram          0000
__Hreset_vec               reset_vec    0003
__Hsfr0                    sfr0         0000
__Hsfr1                    sfr1         0000
__Hsfr2                    sfr2         0000
__Hsfr3                    sfr3         0000
__Hspace_0                 (abs)        033B
__Hspace_1                 (abs)        007C
__Hspace_2                 (abs)        0000
__Hspace_3                 (abs)        0000
__Hspace_4                 (abs)        4010
__Hstack                   stack        0000
__Hstrings                 strings      0000
__Htext                    text         0000
__Labs1                    abs1         0000
__Lbank0                   bank0        0000
__Lbank1                   bank1        0000
__Lbank2                   bank2        0000
__Lbank3                   bank3        0000
__LbssBANK0                bssBANK0     0000
__LbssCOMMON               bssCOMMON    0000
__Lcinit                   cinit        000F
__Lclrtext                 clrtext      0000
__Lcode                    code         0000
__Lcommon                  common       0000
__Lconfig                  config       0000
__LcstackBANK0             cstackBANK0  0000
__LcstackCOMMON            cstackCOMMON 0000
__LdataBANK0               dataBANK0    0000
__Leeprom_data             eeprom_data  0000
__Lend_init                end_init     000C
__Lfunctab                 functab      0000
__LidataBANK0              idataBANK0   0000
__Linit                    init         000C
__Lintentry                intentry     0004
__Lmaintext                maintext     0000
__Lpowerup                 powerup      0000
__Lram                     ram          0000
__Lreset_vec               reset_vec    0000
__Lsfr0                    sfr0         0000
__Lsfr1                    sfr1         0000
__Lsfr2                    sfr2         0000
__Lsfr3                    sfr3         0000
__Lspace_0                 (abs)        0000
__Lspace_1                 (abs)        0000
__Lspace_2                 (abs)        0000
__Lspace_3                 (abs)        0000
__Lspace_4                 (abs)        0000
__Lstack                   stack        0000
__Lstrings                 strings      0000
__Ltext                    text         0000
__S0                       (abs)        033B
__S1                       (abs)        007C
__S2                       (abs)        0000
__S3                       (abs)        0000
___awdiv                   text5        012D
___awdiv@counter           cstackBANK0  0020
___awdiv@dividend          cstackCOMMON 0074
___awdiv@divisor           cstackCOMMON 0072
___awdiv@quotient          cstackBANK0  0022
___awdiv@sign              cstackBANK0  0021
___int_sp                  stack        0000
___latbits                 (abs)        0002
___sp                      stack        0000
___stackhi                 (abs)        0000
___stacklo                 (abs)        0000
___wmul                    text4        0295
___wmul@multiplicand       cstackCOMMON 0074
___wmul@multiplier         cstackCOMMON 0072
___wmul@product            cstackCOMMON 0076
__end_of_Config_Oscilador  text13       0334
__end_of_Config_USART      text12       030B
__end_of_Init_Master       text11       031C
__end_of_SPI               text8        0238
__end_of_Texto_USART       text6        0295
__end_of_USART_Num         text2        00B6
__end_of___awdiv           text5        0196
__end_of___wmul            text4        02BA
__end_of__initialization   cinit        0019
__end_of__stringtab        strings      02C0
__end_of_config            text7        02E5
__end_of_isr               text14       032C
__end_of_main              maintext     026C
__end_of_spiRead           text10       02F8
__end_of_spiWrite          text9        033A
__end_of_tabla_USART       text3        012D
__end_of_texto_Programa    text1        01F2
__initialization           cinit        000F
__pbssBANK0                bssBANK0     0032
__pbssCOMMON               bssCOMMON    007A
__pcstackBANK0             cstackBANK0  0020
__pcstackCOMMON            cstackCOMMON 0070
__pdataBANK0               dataBANK0    0034
__pidataBANK0              idataBANK0   033A
__pintentry                intentry     0004
__pmaintext                maintext     0238
__pstrings                 strings      02BA
__ptext1                   text1        0196
__ptext10                  text10       02E5
__ptext11                  text11       030B
__ptext12                  text12       02F8
__ptext13                  text13       032C
__ptext14                  text14       031C
__ptext2                   text2        001D
__ptext3                   text3        00B6
__ptext4                   text4        0295
__ptext5                   text5        012D
__ptext6                   text6        026C
__ptext7                   text7        02D0
__ptext8                   text8        01F2
__ptext9                   text9        0334
__size_of_Config_Oscilador (abs)        0000
__size_of_Config_USART     (abs)        0000
__size_of_Init_Master      (abs)        0000
__size_of_SPI              (abs)        0000
__size_of_Texto_USART      (abs)        0000
__size_of_USART_Num        (abs)        0000
__size_of___awdiv          (abs)        0000
__size_of___wmul           (abs)        0000
__size_of_config           (abs)        0000
__size_of_isr              (abs)        0000
__size_of_main             (abs)        0000
__size_of_spiRead          (abs)        0000
__size_of_spiWrite         (abs)        0000
__size_of_tabla_USART      (abs)        0000
__size_of_texto_Programa   (abs)        0000
__stringbase               strings      02BF
__stringtab                strings      02BA
_config                    text7        02D0
_isr                       text14       031C
_main                      maintext     0238
_spiRead                   text10       02E5
_spiWrite                  text9        0334
_tabla_USART               text3        00B6
_texto_Programa            text1        0196
btemp                      (abs)        007E
end_of_initialization      cinit        0019
interrupt_function         intentry     0004
intlevel0                  functab      0000
intlevel1                  functab      0000
intlevel2                  functab      0000
intlevel3                  functab      0000
intlevel4                  functab      0000
intlevel5                  functab      0000
reset_vec                  reset_vec    0000
saved_w                    (abs)        007E
spiWrite@dat               cstackCOMMON 0072
start                      init         000C
start_initialization       cinit        000F
tabla_USART@numero         cstackCOMMON 0072
texto_Programa@v1          cstackBANK0  0030
texto_Programa@v2          cstackBANK0  002D
wtemp0                     (abs)        007E


MODULE INFORMATION

Module		Function		Class		Link	Load	Size
../../LIB/LIB.X/LIB.c
		_USART_Num     		CODE           	001D	0000	153
		_Texto_USART   		CODE           	026C	0000	41
		_Config_USART  		CODE           	02F8	0000	19
		_texto_Programa		CODE           	0196	0000	92
		_Config_Oscilador		CODE           	032C	0000	8
		_tabla_USART   		CODE           	00B6	0000	119
		_SPI           		CODE           	01F2	0000	70

../../LIB/LIB.X/LIB.c estimated size: 502

../../LIB/LIB.X/SPI.c
		_spiWrite      		CODE           	0334	0000	6
		_Init_Master   		CODE           	030B	0000	17
		_spiRead       		CODE           	02E5	0000	19

../../LIB/LIB.X/SPI.c estimated size: 42

Lab_03_Master.c
		_main          		CODE           	0238	0000	52
		_config        		CODE           	02D0	0000	21
		_isr           		CODE           	031C	0000	16

Lab_03_Master.c estimated size: 89

shared
		__stringtab    		STRING         	02BA	0000	6
		__initialization		CODE           	000F	0000	10

shared estimated size: 16

C:\Program Files\Microchip\xc8\v2.32\pic\sources\c90\common\awdiv.c
		___awdiv       		CODE           	012D	0000	105

C:\Program Files\Microchip\xc8\v2.32\pic\sources\c90\common\awdiv.c estimated size: 105

C:\Program Files\Microchip\xc8\v2.32\pic\sources\c90\common\Umul16.c
		___wmul        		CODE           	0295	0000	37

C:\Program Files\Microchip\xc8\v2.32\pic\sources\c90\common\Umul16.c estimated size: 37

