Microchip MPLAB XC8 Compiler V2.32

Linker command line:

-W-3 --edf=C:\Program Files\Microchip\xc8\v2.32\pic\dat\en_msgs.txt -cn \
  -h+dist/default/production\Lab_0.X.production.sym \
  --cmf=dist/default/production\Lab_0.X.production.cmf -z -Q16F887 \
  -oC:\Users\fredy\AppData\Local\Temp\xcAsc3o.4 --defsym=__MPLAB_BUILD=1 \
  -Mdist/default/production/Lab_0.X.production.map -E1 -ver=XC8 Compiler \
  --acfsm=1493 -ASTACK=0110h-016Fh -pstack=STACK -ACODE=00h-07FFhx4 \
  -ASTRCODE=00h-01FFFh -ASTRING=00h-0FFhx32 -ACONST=00h-0FFhx32 \
  -AENTRY=00h-0FFhx32 -ACOMMON=070h-07Fh -ABANK0=020h-06Fh \
  -ABANK1=0A0h-0EFh -ABANK2=0110h-016Fh -ABANK3=0190h-01EFh \
  -ARAM=020h-06Fh,0A0h-0EFh,0110h-016Fh,0190h-01EFh \
  -AABS1=020h-07Fh,0A0h-0EFh,0110h-016Fh,0190h-01EFh -ASFR0=00h-01Fh \
  -ASFR1=080h-09Fh -ASFR2=0100h-010Fh -ASFR3=0180h-018Fh \
  -ACONFIG=02007h-02008h -DCONFIG=2 -AIDLOC=02000h-02003h -DIDLOC=2 \
  -AEEDATA=00h-0FFh/02100h -peeprom_data=EEDATA -DEEDATA=2 -DCODE=2 \
  -DSTRCODE=2 -DSTRING=2 -DCONST=2 -DENTRY=2 \
  -preset_vec=00h,intentry=04h,init,end_init -ppowerup=CODE -pcinit=CODE \
  -pfunctab=ENTRY -k C:\Users\fredy\AppData\Local\Temp\xcAsc3o.o \
  dist/default/production\Lab_0.X.production.o 

Object code version is 3.11

Machine type is 16F887



                Name                               Link     Load   Length Selector   Space Scale
C:\Users\fredy\AppData\Local\Temp\xcAsc3o.o
                end_init                              C        C        3        8       0
                reset_vec                             0        0        3        0       0
                config                             2007     2007        2        0       4
dist/default/production\Lab_0.X.production.o
                cinit                                 F        F       1B        8       0
                intentry                              4        4        8        8       0
                config                             2007     2007        2        0       4
                text4                               10B      10B       39        8       0
                text3                               16F      16F       1D        8       0
                text2                                AB       AB       60        8       0
                text1                                2A       2A       81        8       0
                maintext                            144      144       2B        8       0
                cstackBANK0                          20       20       11       20       1
                cstackCOMMON                         70       70        A       70       1
                inittext                            18C      18C       13        8       0
                dataBANK0                            31       31       10       20       1
                bssBANK0                             41       41        7       20       1
                bssCOMMON                            7A       7A        2       70       1
                idataBANK0                          19F      19F       10        8       0

TOTAL           Name                               Link     Load   Length     Space
        CLASS   STACK          

        CLASS   CODE           
                end_init                              C        C        3         0
                cinit                                 F        F       1B         0
                intentry                              4        4        8         0
                reset_vec                             0        0        3         0
                text4                               10B      10B       39         0
                text3                               16F      16F       1D         0
                text2                                AB       AB       60         0
                text1                                2A       2A       81         0
                maintext                            144      144       2B         0
                inittext                            18C      18C       13         0
                idataBANK0                          19F      19F       10         0

        CLASS   STRCODE        

        CLASS   STRING         

        CLASS   CONST          

        CLASS   ENTRY          

        CLASS   COMMON         
                cstackCOMMON                         70       70        A         1
                bssCOMMON                            7A       7A        2         1

        CLASS   BANK0          
                cstackBANK0                          20       20       11         1
                dataBANK0                            31       31       10         1
                bssBANK0                             41       41        7         1

        CLASS   BANK1          

        CLASS   BANK2          

        CLASS   BANK3          

        CLASS   RAM            

        CLASS   ABS1           
                abs_s1                               7E       7E        2         1

        CLASS   SFR0           

        CLASS   SFR1           

        CLASS   SFR2           

        CLASS   SFR3           

        CLASS   CONFIG         
                config                             2007     2007        2         4

        CLASS   IDLOC          

        CLASS   EEDATA         



SEGMENTS        Name                           Load    Length   Top    Selector   Space  Class     Delta

                reset_vec                      000000  000003  000003         0       0  CODE        2
                intentry                       000004  0001AB  0001AF         8       0  CODE        2
                cstackBANK0                    000020  000028  000048        20       1  BANK0       1
                cstackCOMMON                   000070  00000C  00007C        70       1  COMMON      1


UNUSED ADDRESS RANGES

        Name                Unused          Largest block    Delta
        BANK0            0048-006F             28           1
        BANK1            00A0-00EF             50           1
        BANK2            0110-016F             60           1
        BANK3            0190-01EF             60           1
        CODE             0003-0003              1           2
                         01AF-1FFF            800
        COMMON           007C-007D              2           1
        CONST            0003-0003              1           2
                         01AF-1FFF            100
        EEDATA           2100-21FF            100           2
        ENTRY            0003-0003              1           2
                         01AF-1FFF            100
        IDLOC            2000-2003              4           2
        RAM              0048-006F             28           1
                         00A0-00EF             50
                         0110-016F             60
                         0190-01EF             60
        SFR0             0000-001F             20           1
        SFR1             0080-009F             20           1
        SFR2             0100-010F             10           1
        SFR3             0180-018F             10           1
        STACK            0110-016F             60           1
        STRCODE          0003-0003              1           2
                         01AF-1FFF           1E51
        STRING           0003-0003              1           2
                         01AF-1FFF            100

                                  Symbol Table

Tabla_Display@F1283        dataBANK0    0031
Tabla_Display@numero       cstackBANK0  0030
Tabla_Display@tabla        cstackBANK0  0020
_ANSEL                     (abs)        0188
_ANSELH                    (abs)        0189
_Boton_0                   bssBANK0     0047
_Boton_1                   bssBANK0     0046
_Boton_2                   bssBANK0     0045
_Botones                   text1        002A
_Comparador_PORTB          bssBANK0     0041
_INTCON                    (abs)        000B
_IOCB0                     (abs)        04B0
_IOCB1                     (abs)        04B1
_IOCB2                     (abs)        04B2
_IRCF0                     (abs)        047C
_IRCF1                     (abs)        047D
_IRCF2                     (abs)        047E
_Juego_Iniciado            bssBANK0     0044
_OPTION_REGbits            (abs)        0081
_PORTA                     (abs)        0005
_PORTBbits                 (abs)        0006
_PORTC                     (abs)        0007
_PORTD                     (abs)        0008
_PORTE                     (abs)        0009
_RB0                       (abs)        0030
_RB1                       (abs)        0031
_RB2                       (abs)        0032
_RB6                       (abs)        0036
_RB7                       (abs)        0037
_RBIF                      (abs)        0058
_RE0                       (abs)        0048
_RE1                       (abs)        0049
_RE2                       (abs)        004A
_Secuencia_Inicio          text2        00AB
_TRISA                     (abs)        0085
_TRISB                     (abs)        0086
_TRISC                     (abs)        0087
_TRISD                     (abs)        0088
_TRISE                     (abs)        0089
_Tabla_Display             text3        016F
_WPUBbits                  (abs)        0095
__Habs1                    abs1         0000
__Hbank0                   bank0        0000
__Hbank1                   bank1        0000
__Hbank2                   bank2        0000
__Hbank3                   bank3        0000
__HbssBANK0                bssBANK0     0000
__HbssCOMMON               bssCOMMON    0000
__Hcinit                   cinit        002A
__Hclrtext                 clrtext      0000
__Hcode                    code         0000
__Hcommon                  common       0000
__Hconfig                  config       2009
__HcstackBANK0             cstackBANK0  0000
__HcstackCOMMON            cstackCOMMON 0000
__HdataBANK0               dataBANK0    0000
__Heeprom_data             eeprom_data  0000
__Hend_init                end_init     000F
__Hfunctab                 functab      0000
__HidataBANK0              idataBANK0   0000
__Hinit                    init         000C
__Hinittext                inittext     0000
__Hintentry                intentry     000C
__Hmaintext                maintext     0000
__Hpowerup                 powerup      0000
__Hram                     ram          0000
__Hreset_vec               reset_vec    0003
__Hsfr0                    sfr0         0000
__Hsfr1                    sfr1         0000
__Hsfr2                    sfr2         0000
__Hsfr3                    sfr3         0000
__Hspace_0                 (abs)        01AF
__Hspace_1                 (abs)        007C
__Hspace_2                 (abs)        0000
__Hspace_3                 (abs)        0000
__Hspace_4                 (abs)        4010
__Hstack                   stack        0000
__Hstrings                 strings      0000
__Htext                    text         0000
__Labs1                    abs1         0000
__Lbank0                   bank0        0000
__Lbank1                   bank1        0000
__Lbank2                   bank2        0000
__Lbank3                   bank3        0000
__LbssBANK0                bssBANK0     0000
__LbssCOMMON               bssCOMMON    0000
__Lcinit                   cinit        000F
__Lclrtext                 clrtext      0000
__Lcode                    code         0000
__Lcommon                  common       0000
__Lconfig                  config       0000
__LcstackBANK0             cstackBANK0  0000
__LcstackCOMMON            cstackCOMMON 0000
__LdataBANK0               dataBANK0    0000
__Leeprom_data             eeprom_data  0000
__Lend_init                end_init     000C
__Lfunctab                 functab      0000
__LidataBANK0              idataBANK0   0000
__Linit                    init         000C
__Linittext                inittext     0000
__Lintentry                intentry     0004
__Lmaintext                maintext     0000
__Lpowerup                 powerup      0000
__Lram                     ram          0000
__Lreset_vec               reset_vec    0000
__Lsfr0                    sfr0         0000
__Lsfr1                    sfr1         0000
__Lsfr2                    sfr2         0000
__Lsfr3                    sfr3         0000
__Lspace_0                 (abs)        0000
__Lspace_1                 (abs)        0000
__Lspace_2                 (abs)        0000
__Lspace_3                 (abs)        0000
__Lspace_4                 (abs)        0000
__Lstack                   stack        0000
__Lstrings                 strings      0000
__Ltext                    text         0000
__S0                       (abs)        01AF
__S1                       (abs)        007C
__S2                       (abs)        0000
__S3                       (abs)        0000
___int_sp                  stack        0000
___latbits                 (abs)        0002
___sp                      stack        0000
___stackhi                 (abs)        0000
___stacklo                 (abs)        0000
__end_of_Botones           text1        00AB
__end_of_Secuencia_Inicio  text2        010B
__end_of_Tabla_Display     text3        018C
__end_of__initialization   cinit        0026
__end_of_isr               text4        0144
__end_of_main              maintext     016F
__initialization           cinit        000F
__pbssBANK0                bssBANK0     0041
__pbssCOMMON               bssCOMMON    007A
__pcstackBANK0             cstackBANK0  0020
__pcstackCOMMON            cstackCOMMON 0070
__pdataBANK0               dataBANK0    0031
__pidataBANK0              idataBANK0   019F
__pintentry                intentry     0004
__pmaintext                maintext     0144
__ptext1                   text1        002A
__ptext2                   text2        00AB
__ptext3                   text3        016F
__ptext4                   text4        010B
__size_of_Botones          (abs)        0000
__size_of_Secuencia_Inicio (abs)        0000
__size_of_Tabla_Display    (abs)        0000
__size_of_isr              (abs)        0000
__size_of_main             (abs)        0000
_isr                       text4        010B
_main                      maintext     0144
btemp                      (abs)        007E
end_of_initialization      cinit        0026
init_fetch0                inittext     018C
init_ram0                  inittext     0190
interrupt_function         intentry     0004
intlevel0                  functab      0000
intlevel1                  functab      0000
intlevel2                  functab      0000
intlevel3                  functab      0000
intlevel4                  functab      0000
intlevel5                  functab      0000
reset_vec                  reset_vec    0000
saved_w                    (abs)        007E
start                      init         000C
start_initialization       cinit        000F
wtemp0                     (abs)        007E


MODULE INFORMATION

Module		Function		Class		Link	Load	Size
Lab_0.c
		_main          		CODE           	0144	0000	43
		_Botones       		CODE           	002A	0000	129
		_isr           		CODE           	010B	0000	57
		_Tabla_Display 		CODE           	016F	0000	29
		_Secuencia_Inicio		CODE           	00AB	0000	96

Lab_0.c estimated size: 354

shared
		__initialization		CODE           	000F	0000	23

shared estimated size: 23

