Microchip MPLAB XC8 Compiler V2.32

Linker command line:

-W-3 --edf=C:\Program Files\Microchip\xc8\v2.32\pic\dat\en_msgs.txt -cn \
  -h+dist/default/production\Lab_02.X.production.sym \
  --cmf=dist/default/production\Lab_02.X.production.cmf -z -Q16F887 \
  -oC:\Users\fredy\AppData\Local\Temp\xcAs440.4 --defsym=__MPLAB_BUILD=1 \
  -Mdist/default/production/Lab_02.X.production.map -E1 -ver=XC8 Compiler \
  --acfsm=1493 -ASTACK=0110h-016Fh -pstack=STACK -ACODE=00h-07FFhx4 \
  -ASTRCODE=00h-01FFFh -ASTRING=00h-0FFhx32 -ACONST=00h-0FFhx32 \
  -AENTRY=00h-0FFhx32 -ACOMMON=070h-07Fh -ABANK0=020h-06Fh \
  -ABANK1=0A0h-0EFh -ABANK2=0110h-016Fh -ABANK3=0190h-01EFh \
  -ARAM=020h-06Fh,0A0h-0EFh,0110h-016Fh,0190h-01EFh \
  -AABS1=020h-07Fh,0A0h-0EFh,0110h-016Fh,0190h-01EFh -ASFR0=00h-01Fh \
  -ASFR1=080h-09Fh -ASFR2=0100h-010Fh -ASFR3=0180h-018Fh \
  -ACONFIG=02007h-02008h -DCONFIG=2 -AIDLOC=02000h-02003h -DIDLOC=2 \
  -AEEDATA=00h-0FFh/02100h -peeprom_data=EEDATA -DEEDATA=2 -DCODE=2 \
  -DSTRCODE=2 -DSTRING=2 -DCONST=2 -DENTRY=2 \
  -preset_vec=00h,intentry=04h,init,end_init -ppowerup=CODE -pcinit=CODE \
  -pfunctab=ENTRY -k C:\Users\fredy\AppData\Local\Temp\xcAs440.o \
  dist/default/production\Lab_02.X.production.o 

Object code version is 3.11

Machine type is 16F887



                Name                               Link     Load   Length Selector   Space Scale
C:\Users\fredy\AppData\Local\Temp\xcAs440.o
                end_init                              C        C        3        8       0
                reset_vec                             0        0        3        0       0
                config                             2007     2007        2        0       4
dist/default/production\Lab_02.X.production.o
                cinit                                 F        F        C        8       0
                intentry                              4        4        8        8       0
                config                             2007     2007        2        0       4
                text22                              57F      57F       15      8B0       0
                text21                              3E5      3E5       3B        8       0
                text20                              552      552       18      8B0       0
                text19                              5B6      5B6        8      8B0       0
                text18                              56A      56A       15      8B0       0
                text17                              5A7      5A7        F      8B0       0
                text16                              594      594       13      8B0       0
                text15                              2AC      2AC       52        8       0
                text14                              53A      53A       18      8B0       0
                text13                              4FC      4FC       26      8B0       0
                text12                              243      243       69        8       0
                text11                              4AF      4AF       27      8B0       0
                text10                              522      522       18      8B0       0
                text9                               4D6      4D6       26      8B0       0
                text8                                BA       BA       8D        8       0
                text7                               147      147       85        8       0
                text6                               39B      39B       4A        8       0
                text5                               2FE      2FE       4F        8       0
                text4                               484      484       2B      8B0       0
                text3                               1CC      1CC       77        8       0
                text2                                1B       1B       9F        8       0
                text1                               458      458       2C      8B0       0
                maintext                            34D      34D       4E        8       0
                cstackBANK0                          20       20       19       20       1
                cstackCOMMON                         70       70        8       70       1
                dataBANK0                            3B       3B        1       20       1
                bssBANK0                             39       39        2       20       1
                strings                             420      420       38      840       0
                idataBANK0                          5BE      5BE        1      8B0       0

TOTAL           Name                               Link     Load   Length     Space
        CLASS   STACK          

        CLASS   CODE           
                end_init                              C        C        3         0
                cinit                                 F        F        C         0
                intentry                              4        4        8         0
                reset_vec                             0        0        3         0
                text22                              57F      57F       15         0
                text21                              3E5      3E5       3B         0
                text20                              552      552       18         0
                text19                              5B6      5B6        8         0
                text18                              56A      56A       15         0
                text17                              5A7      5A7        F         0
                text16                              594      594       13         0
                text15                              2AC      2AC       52         0
                text14                              53A      53A       18         0
                text13                              4FC      4FC       26         0
                text12                              243      243       69         0
                text11                              4AF      4AF       27         0
                text10                              522      522       18         0
                text9                               4D6      4D6       26         0
                text8                                BA       BA       8D         0
                text7                               147      147       85         0
                text6                               39B      39B       4A         0
                text5                               2FE      2FE       4F         0
                text4                               484      484       2B         0
                text3                               1CC      1CC       77         0
                text2                                1B       1B       9F         0
                text1                               458      458       2C         0
                maintext                            34D      34D       4E         0
                idataBANK0                          5BE      5BE        1         0

        CLASS   STRCODE        

        CLASS   STRING         
                strings                             420      420       38         0

        CLASS   CONST          

        CLASS   ENTRY          

        CLASS   COMMON         
                cstackCOMMON                         70       70        8         1

        CLASS   BANK0          
                cstackBANK0                          20       20       19         1
                dataBANK0                            3B       3B        1         1
                bssBANK0                             39       39        2         1

        CLASS   BANK1          

        CLASS   BANK2          

        CLASS   BANK3          

        CLASS   RAM            

        CLASS   ABS1           
                abs_s1                               7E       7E        2         1

        CLASS   SFR0           

        CLASS   SFR1           

        CLASS   SFR2           

        CLASS   SFR3           

        CLASS   CONFIG         
                config                             2007     2007        2         4

        CLASS   IDLOC          

        CLASS   EEDATA         



SEGMENTS        Name                           Load    Length   Top    Selector   Space  Class     Delta

                reset_vec                      000000  000003  000003         0       0  CODE        2
                intentry                       000004  00041C  000420         8       0  CODE        2
                cstackBANK0                    000020  00001C  00003C        20       1  BANK0       1
                cstackCOMMON                   000070  000008  000078        70       1  COMMON      1
                strings                        000420  000038  000458       840       0  STRING      2
                text1                          000458  000167  0005BF       8B0       0  CODE        2


UNUSED ADDRESS RANGES

        Name                Unused          Largest block    Delta
        BANK0            003C-006F             34           1
        BANK1            00A0-00EF             50           1
        BANK2            0110-016F             60           1
        BANK3            0190-01EF             60           1
        CODE             0003-0003              1           2
                         05BF-1FFF            800
        COMMON           0078-007D              6           1
        CONST            0003-0003              1           2
                         05BF-1FFF            100
        EEDATA           2100-21FF            100           2
        ENTRY            0003-0003              1           2
                         05BF-1FFF            100
        IDLOC            2000-2003              4           2
        RAM              003C-006F             34           1
                         00A0-00EF             50
                         0110-016F             60
                         0190-01EF             60
        SFR0             0000-001F             20           1
        SFR1             0080-009F             20           1
        SFR2             0100-010F             10           1
        SFR3             0180-018F             10           1
        STACK            0110-016F             60           1
        STRCODE          0003-0003              1           2
                         05BF-1FFF           1A41
        STRING           0003-0003              1           2
                         05BF-1FFF            100

                                  Symbol Table

?___awdiv                  cstackBANK0  0020
?___wmul                   cstackBANK0  0020
CMD_LCD@v                  cstackBANK0  0020
Char_LCD@a                 cstackBANK0  0020
LCD@canal_10               cstackBANK0  0035
LCD@canal_12               cstackBANK0  0033
Lcd_Set_Cursor@a           cstackBANK0  0023
Lcd_Set_Cursor@b           cstackBANK0  0021
Lcd_Set_Cursor@temp        cstackBANK0  0024
PORT_LCD@v                 cstackCOMMON 0076
Print_Num@centena          cstackBANK0  002F
Print_Num@decena           cstackBANK0  002D
Print_Num@temp             cstackBANK0  0031
Print_Num@unidad           cstackBANK0  002A
Print_Num@valor            cstackBANK0  002C
Texto_USART@i              cstackBANK0  0020
Texto_USART@texto          cstackBANK0  0021
Transmisor_USART@centena   cstackBANK0  002F
Transmisor_USART@decena    cstackBANK0  002D
Transmisor_USART@temp      cstackBANK0  0031
Transmisor_USART@unidad    cstackBANK0  002A
Transmisor_USART@valor     cstackBANK0  002C
USART@canal_10             cstackBANK0  0034
USART@canal_12             cstackBANK0  0033
Valor_ADC@canal            cstackCOMMON 0071
Write_LCD@a                cstackBANK0  0023
Write_LCD@i                cstackBANK0  0022
_ADCON0bits                (abs)        001F
_ADCON1bits                (abs)        009F
_ADIF                      (abs)        0066
_ADRESH                    (abs)        001E
_ANSEL                     (abs)        0188
_ANSELH                    (abs)        0189
_CMD_LCD                   text14       053A
_CREN                      (abs)        00C4
_Char_LCD                  text10       0522
_Config_ADC                text20       0552
_Config_Oscilador          text19       05B6
_Config_Puertos            text18       056A
_Config_TMR0               text17       05A7
_Config_USART              text16       0594
_INTCON                    (abs)        000B
_IRCF0                     (abs)        047C
_IRCF1                     (abs)        047D
_IRCF2                     (abs)        047E
_LCD                       text6        039B
_LCD_Init_8bits            text5        02FE
_Lcd_Set_Cursor            text13       04FC
_PIE1bits                  (abs)        008C
_PIR1bits                  (abs)        000C
_PORTA                     (abs)        0005
_PORTAbits                 (abs)        0005
_PORTB                     (abs)        0006
_PORTC                     (abs)        0007
_PORTD                     (abs)        0008
_PORTE                     (abs)        0009
_PORTEbits                 (abs)        0009
_PORT_LCD                  text15       02AC
_PS0                       (abs)        0408
_PS1                       (abs)        0409
_PS2                       (abs)        040A
_PSA                       (abs)        040B
_Print_Num                 text7        0147
_RCIF                      (abs)        0065
_SPBRG                     (abs)        0099
_SPEN                      (abs)        00C7
_SYNC                      (abs)        04C4
_T0CS                      (abs)        040D
_T0IF                      (abs)        005A
_TMR0                      (abs)        0001
_TRISA                     (abs)        0085
_TRISB                     (abs)        0086
_TRISC                     (abs)        0087
_TRISD                     (abs)        0088
_TRISE                     (abs)        0089
_TXEN                      (abs)        04C5
_TXREG                     (abs)        0019
_Texto_USART               text4        0484
_Transmisor_USART          text2        001B
_USART                     text1        0458
_Valor_ADC                 text22       057F
_Valor_Canal_10            bssBANK0     003A
_Valor_Canal_12            bssBANK0     0039
_Valor_TMR0                dataBANK0    003B
_Write_LCD                 text9        04D6
__Habs1                    abs1         0000
__Hbank0                   bank0        0000
__Hbank1                   bank1        0000
__Hbank2                   bank2        0000
__Hbank3                   bank3        0000
__HbssBANK0                bssBANK0     0000
__Hcinit                   cinit        001B
__Hclrtext                 clrtext      0000
__Hcode                    code         0000
__Hcommon                  common       0000
__Hconfig                  config       2009
__HcstackBANK0             cstackBANK0  0000
__HcstackCOMMON            cstackCOMMON 0000
__HdataBANK0               dataBANK0    0000
__Heeprom_data             eeprom_data  0000
__Hend_init                end_init     000F
__Hfunctab                 functab      0000
__HidataBANK0              idataBANK0   0000
__Hinit                    init         000C
__Hintentry                intentry     000C
__Hmaintext                maintext     0000
__Hpowerup                 powerup      0000
__Hram                     ram          0000
__Hreset_vec               reset_vec    0003
__Hsfr0                    sfr0         0000
__Hsfr1                    sfr1         0000
__Hsfr2                    sfr2         0000
__Hsfr3                    sfr3         0000
__Hspace_0                 (abs)        05BF
__Hspace_1                 (abs)        0078
__Hspace_2                 (abs)        0000
__Hspace_3                 (abs)        0000
__Hspace_4                 (abs)        4010
__Hstack                   stack        0000
__Hstrings                 strings      0000
__Htext                    text         0000
__Labs1                    abs1         0000
__Lbank0                   bank0        0000
__Lbank1                   bank1        0000
__Lbank2                   bank2        0000
__Lbank3                   bank3        0000
__LbssBANK0                bssBANK0     0000
__Lcinit                   cinit        000F
__Lclrtext                 clrtext      0000
__Lcode                    code         0000
__Lcommon                  common       0000
__Lconfig                  config       0000
__LcstackBANK0             cstackBANK0  0000
__LcstackCOMMON            cstackCOMMON 0000
__LdataBANK0               dataBANK0    0000
__Leeprom_data             eeprom_data  0000
__Lend_init                end_init     000C
__Lfunctab                 functab      0000
__LidataBANK0              idataBANK0   0000
__Linit                    init         000C
__Lintentry                intentry     0004
__Lmaintext                maintext     0000
__Lpowerup                 powerup      0000
__Lram                     ram          0000
__Lreset_vec               reset_vec    0000
__Lsfr0                    sfr0         0000
__Lsfr1                    sfr1         0000
__Lsfr2                    sfr2         0000
__Lsfr3                    sfr3         0000
__Lspace_0                 (abs)        0000
__Lspace_1                 (abs)        0000
__Lspace_2                 (abs)        0000
__Lspace_3                 (abs)        0000
__Lspace_4                 (abs)        0000
__Lstack                   stack        0000
__Lstrings                 strings      0000
__Ltext                    text         0000
__S0                       (abs)        05BF
__S1                       (abs)        0078
__S2                       (abs)        0000
__S3                       (abs)        0000
___awdiv                   text12       0243
___awdiv@counter           cstackBANK0  0024
___awdiv@dividend          cstackBANK0  0022
___awdiv@divisor           cstackBANK0  0020
___awdiv@quotient          cstackBANK0  0026
___awdiv@sign              cstackBANK0  0025
___int_sp                  stack        0000
___latbits                 (abs)        0002
___sp                      stack        0000
___stackhi                 (abs)        0000
___stacklo                 (abs)        0000
___wmul                    text11       04AF
___wmul@multiplicand       cstackBANK0  0022
___wmul@multiplier         cstackBANK0  0020
___wmul@product            cstackCOMMON 0076
__end_of_CMD_LCD           text14       0552
__end_of_Char_LCD          text10       053A
__end_of_Config_ADC        text20       056A
__end_of_Config_Oscilador  text19       05BE
__end_of_Config_Puertos    text18       057F
__end_of_Config_TMR0       text17       05B6
__end_of_Config_USART      text16       05A7
__end_of_LCD               text6        03E5
__end_of_LCD_Init_8bits    text5        034D
__end_of_Lcd_Set_Cursor    text13       0522
__end_of_PORT_LCD          text15       02FE
__end_of_Print_Num         text7        01CC
__end_of_Texto_USART       text4        04AF
__end_of_Transmisor_USART  text2        00BA
__end_of_USART             text1        0484
__end_of_Valor_ADC         text22       0594
__end_of_Write_LCD         text9        04FC
__end_of___awdiv           text12       02AC
__end_of___wmul            text11       04D6
__end_of__initialization   cinit        0017
__end_of__stringtab        strings      0426
__end_of_isr               text21       0420
__end_of_main              maintext     039B
__end_of_tabla_USART       text3        0243
__end_of_tabla_num         text8        0147
__initialization           cinit        000F
__pbssBANK0                bssBANK0     0039
__pcstackBANK0             cstackBANK0  0020
__pcstackCOMMON            cstackCOMMON 0070
__pdataBANK0               dataBANK0    003B
__pidataBANK0              idataBANK0   05BE
__pintentry                intentry     0004
__pmaintext                maintext     034D
__pstrings                 strings      0420
__ptext1                   text1        0458
__ptext10                  text10       0522
__ptext11                  text11       04AF
__ptext12                  text12       0243
__ptext13                  text13       04FC
__ptext14                  text14       053A
__ptext15                  text15       02AC
__ptext16                  text16       0594
__ptext17                  text17       05A7
__ptext18                  text18       056A
__ptext19                  text19       05B6
__ptext2                   text2        001B
__ptext20                  text20       0552
__ptext21                  text21       03E5
__ptext22                  text22       057F
__ptext3                   text3        01CC
__ptext4                   text4        0484
__ptext5                   text5        02FE
__ptext6                   text6        039B
__ptext7                   text7        0147
__ptext8                   text8        00BA
__ptext9                   text9        04D6
__size_of_CMD_LCD          (abs)        0000
__size_of_Char_LCD         (abs)        0000
__size_of_Config_ADC       (abs)        0000
__size_of_Config_Oscilador (abs)        0000
__size_of_Config_Puertos   (abs)        0000
__size_of_Config_TMR0      (abs)        0000
__size_of_Config_USART     (abs)        0000
__size_of_LCD              (abs)        0000
__size_of_LCD_Init_8bits   (abs)        0000
__size_of_Lcd_Set_Cursor   (abs)        0000
__size_of_PORT_LCD         (abs)        0000
__size_of_Print_Num        (abs)        0000
__size_of_Texto_USART      (abs)        0000
__size_of_Transmisor_USART (abs)        0000
__size_of_USART            (abs)        0000
__size_of_Valor_ADC        (abs)        0000
__size_of_Write_LCD        (abs)        0000
__size_of___awdiv          (abs)        0000
__size_of___wmul           (abs)        0000
__size_of_isr              (abs)        0000
__size_of_main             (abs)        0000
__size_of_tabla_USART      (abs)        0000
__size_of_tabla_num        (abs)        0000
__stringbase               strings      0425
__stringtab                strings      0420
_isr                       text21       03E5
_main                      maintext     034D
_tabla_USART               text3        01CC
_tabla_num                 text8        00BA
btemp                      (abs)        007E
end_of_initialization      cinit        0017
interrupt_function         intentry     0004
intlevel0                  functab      0000
intlevel1                  functab      0000
intlevel2                  functab      0000
intlevel3                  functab      0000
intlevel4                  functab      0000
intlevel5                  functab      0000
reset_vec                  reset_vec    0000
saved_w                    (abs)        007E
start                      init         000C
start_initialization       cinit        000F
tabla_USART@numero         cstackCOMMON 0076
tabla_num@numero           cstackBANK0  0024
wtemp0                     (abs)        007E


MODULE INFORMATION

Module		Function		Class		Link	Load	Size
Libreria.c
		_USART         		CODE           	0458	0000	44
		_LCD           		CODE           	039B	0000	74
		_Valor_ADC     		CODE           	057F	0000	21
		_Transmisor_USART		CODE           	001B	0000	159
		_Config_ADC    		CODE           	0552	0000	24
		_Config_TMR0   		CODE           	05A7	0000	15
		_Texto_USART   		CODE           	0484	0000	43
		_Config_USART  		CODE           	0594	0000	19
		_Config_Oscilador		CODE           	05B6	0000	8
		_tabla_USART   		CODE           	01CC	0000	119
		_Config_Puertos		CODE           	056A	0000	21

Libreria.c estimated size: 547

shared
		__stringtab    		STRING         	0420	0000	6
		__initialization		CODE           	000F	0000	8

shared estimated size: 14

C:\Program Files\Microchip\xc8\v2.32\pic\sources\c90\common\awdiv.c
		___awdiv       		CODE           	0243	0000	105

C:\Program Files\Microchip\xc8\v2.32\pic\sources\c90\common\awdiv.c estimated size: 105

C:\Program Files\Microchip\xc8\v2.32\pic\sources\c90\common\Umul16.c
		___wmul        		CODE           	04AF	0000	39

C:\Program Files\Microchip\xc8\v2.32\pic\sources\c90\common\Umul16.c estimated size: 39

Lab_02.c
		_main          		CODE           	034D	0000	78
		_isr           		CODE           	03E5	0000	59

Lab_02.c estimated size: 137

LCD.c
		_Write_LCD     		CODE           	04D6	0000	38
		_LCD_Init_8bits		CODE           	02FE	0000	79
		_CMD_LCD       		CODE           	053A	0000	24
		_Char_LCD      		CODE           	0522	0000	24
		_Lcd_Set_Cursor		CODE           	04FC	0000	38
		_Print_Num     		CODE           	0147	0000	133
		_tabla_num     		CODE           	00BA	0000	141
		_PORT_LCD      		CODE           	02AC	0000	82

LCD.c estimated size: 559

