Microchip MPLAB XC8 Compiler V2.32

Linker command line:

-W-3 --edf=C:\Program Files\Microchip\xc8\v2.32\pic\dat\en_msgs.txt -cn \
  -h+dist/default/production\Pro_I_Maestro.X.production.sym \
  --cmf=dist/default/production\Pro_I_Maestro.X.production.cmf -z -Q16F887 \
  -oC:\Users\fredy\AppData\Local\Temp\xcAs5sg.4 --defsym=__MPLAB_BUILD=1 \
  -Mdist/default/production/Pro_I_Maestro.X.production.map -E1 \
  -ver=XC8 Compiler --acfsm=1493 -ASTACK=0110h-016Fh -pstack=STACK \
  -ACODE=00h-07FFhx4 -ASTRCODE=00h-01FFFh -ASTRING=00h-0FFhx32 \
  -ACONST=00h-0FFhx32 -AENTRY=00h-0FFhx32 -ACOMMON=070h-07Fh \
  -ABANK0=020h-06Fh -ABANK1=0A0h-0EFh -ABANK2=0110h-016Fh \
  -ABANK3=0190h-01EFh -ARAM=020h-06Fh,0A0h-0EFh,0110h-016Fh,0190h-01EFh \
  -AABS1=020h-07Fh,0A0h-0EFh,0110h-016Fh,0190h-01EFh -ASFR0=00h-01Fh \
  -ASFR1=080h-09Fh -ASFR2=0100h-010Fh -ASFR3=0180h-018Fh \
  -ACONFIG=02007h-02008h -DCONFIG=2 -AIDLOC=02000h-02003h -DIDLOC=2 \
  -AEEDATA=00h-0FFh/02100h -peeprom_data=EEDATA -DEEDATA=2 -DCODE=2 \
  -DSTRCODE=2 -DSTRING=2 -DCONST=2 -DENTRY=2 \
  -preset_vec=00h,intentry,init,end_init -ppowerup=CODE -pcinit=CODE \
  -pfunctab=ENTRY -k C:\Users\fredy\AppData\Local\Temp\xcAs5sg.o \
  dist/default/production\Pro_I_Maestro.X.production.o 

Object code version is 3.11

Machine type is 16F887



                Name                               Link     Load   Length Selector   Space Scale
C:\Users\fredy\AppData\Local\Temp\xcAs5sg.o
                end_init                              0        0        3        0       0
                config                             2007     2007        2        0       4
dist/default/production\Pro_I_Maestro.X.production.o
                cinit                               7F2      7F2        E      FE4       0
                config                             2007     2007        2        0       4
                text8                               687      687        8      D0E       0
                text7                               7A0      7A0       52      F40       0
                text6                               6A8      6A8       18      D50       0
                text5                               754      754       4C      EA8       0
                text4                               6D8      6D8       24      DB0       0
                text3                               6C0      6C0       18      D80       0
                text2                               6FC      6FC       27      DF8       0
                text1                               697      697       11      D2E       0
                maintext                            723      723       31      E46       0
                cstackCOMMON                         70       70        A       70       1
                clrtext                             68F      68F        8      D1E       0
                bssBANK0                             20       20       10       20       1
                bssCOMMON                            7A       7A        1       70       1
                strings                               3        3       23        6       0

TOTAL           Name                               Link     Load   Length     Space
        CLASS   STACK          

        CLASS   CODE           
                end_init                              0        0        3         0
                cinit                               7F2      7F2        E         0
                text8                               687      687        8         0
                text7                               7A0      7A0       52         0
                text6                               6A8      6A8       18         0
                text5                               754      754       4C         0
                text4                               6D8      6D8       24         0
                text3                               6C0      6C0       18         0
                text2                               6FC      6FC       27         0
                text1                               697      697       11         0
                maintext                            723      723       31         0
                clrtext                             68F      68F        8         0

        CLASS   STRCODE        

        CLASS   STRING         
                strings                               3        3       23         0

        CLASS   CONST          

        CLASS   ENTRY          

        CLASS   COMMON         
                cstackCOMMON                         70       70        A         1
                bssCOMMON                            7A       7A        1         1

        CLASS   BANK0          
                bssBANK0                             20       20       10         1

        CLASS   BANK1          

        CLASS   BANK2          

        CLASS   BANK3          

        CLASS   RAM            

        CLASS   ABS1           
                abs_s1                               7E       7E        2         1

        CLASS   SFR0           

        CLASS   SFR1           

        CLASS   SFR2           

        CLASS   SFR3           

        CLASS   CONFIG         
                config                             2007     2007        2         4

        CLASS   IDLOC          

        CLASS   EEDATA         



SEGMENTS        Name                           Load    Length   Top    Selector   Space  Class     Delta

                reset_vec                      000000  000003  000003         0       0  CODE        2
                strings                        000003  000023  000026         6       0  STRING      2
                bssBANK0                       000020  000010  000030        20       1  BANK0       1
                cstackCOMMON                   000070  00000B  00007B        70       1  COMMON      1
                text8                          000687  000008  00068F       D0E       0  CODE        2
                clrtext                        00068F  000008  000697       D1E       0  CODE        2
                text1                          000697  000011  0006A8       D2E       0  CODE        2
                text6                          0006A8  000018  0006C0       D50       0  CODE        2
                text3                          0006C0  000018  0006D8       D80       0  CODE        2
                text4                          0006D8  000024  0006FC       DB0       0  CODE        2
                text2                          0006FC  000027  000723       DF8       0  CODE        2
                maintext                       000723  000031  000754       E46       0  CODE        2
                text5                          000754  00004C  0007A0       EA8       0  CODE        2
                text7                          0007A0  000052  0007F2       F40       0  CODE        2
                cinit                          0007F2  00000E  000800       FE4       0  CODE        2


UNUSED ADDRESS RANGES

        Name                Unused          Largest block    Delta
        BANK0            0030-006F             40           1
        BANK1            00A0-00EF             50           1
        BANK2            0110-016F             60           1
        BANK3            0190-01EF             60           1
        CODE             0026-0686            661           2
                         0800-1FFF            800
        COMMON           007B-007D              3           1
        CONST            0026-0686            100           2
                         0800-1FFF            100
        EEDATA           2100-21FF            100           2
        ENTRY            0026-0686            100           2
                         0800-1FFF            100
        IDLOC            2000-2003              4           2
        RAM              0030-006F             40           1
                         00A0-00EF             50
                         0110-016F             60
                         0190-01EF             60
        SFR0             0000-001F             20           1
        SFR1             0080-009F             20           1
        SFR2             0100-010F             10           1
        SFR3             0180-018F             10           1
        STACK            0110-016F             60           1
        STRCODE          0026-0686            661           2
                         0800-1FFF           1800
        STRING           0026-0686            100           2
                         0800-1FFF            100

                                  Symbol Table

CMD_LCD@v                  cstackCOMMON 0072
Char_LCD@a                 cstackCOMMON 0072
Lcd_Set_Cursor@a           cstackCOMMON 0075
Lcd_Set_Cursor@b           cstackCOMMON 0073
Lcd_Set_Cursor@temp        cstackCOMMON 0076
PORT_LCD@v                 cstackCOMMON 0070
Write_LCD@a                cstackCOMMON 0075
Write_LCD@i                cstackCOMMON 0074
_ADCON0bits                (abs)        001F
_ADCON1bits                (abs)        009F
_ADIF                      (abs)        0066
_ADRESH                    (abs)        001E
_ANSEL                     (abs)        0188
_ANSELH                    (abs)        0189
_CMD_LCD                   text6        06A8
_CREN                      (abs)        00C4
_Char_LCD                  text3        06C0
_Config_Oscilador          text8        0687
_INTCON                    (abs)        000B
_INTCONbits                (abs)        000B
_IOCB0                     (abs)        04B0
_IOCB1                     (abs)        04B1
_IRCF0                     (abs)        047C
_IRCF1                     (abs)        047D
_IRCF2                     (abs)        047E
_LCD_Init_8bits            text5        0754
_Lcd_Set_Cursor            text4        06D8
_OPTION_REGbits            (abs)        0081
_PIE1bits                  (abs)        008C
_PIR1bits                  (abs)        000C
_PORTA                     (abs)        0005
_PORTAbits                 (abs)        0005
_PORTB                     (abs)        0006
_PORTC                     (abs)        0007
_PORTCbits                 (abs)        0007
_PORTD                     (abs)        0008
_PORTE                     (abs)        0009
_PORTEbits                 (abs)        0009
_PORT_LCD                  text7        07A0
_PS0                       (abs)        0408
_PS1                       (abs)        0409
_PS2                       (abs)        040A
_PSA                       (abs)        040B
_RA0                       (abs)        0028
_RA1                       (abs)        0029
_RB0                       (abs)        0030
_RB1                       (abs)        0031
_RBIE                      (abs)        005B
_RD0                       (abs)        0040
_RD1                       (abs)        0041
_SPBRG                     (abs)        0099
_SPEN                      (abs)        00C7
_SYNC                      (abs)        04C4
_T0CS                      (abs)        040D
_TMR0                      (abs)        0001
_TRISA                     (abs)        0085
_TRISB                     (abs)        0086
_TRISC                     (abs)        0087
_TRISD                     (abs)        0088
_TRISE                     (abs)        0089
_TXEN                      (abs)        04C5
_TXREG                     (abs)        0019
_WPUBbits                  (abs)        0095
_Write_LCD                 text2        06FC
__Habs1                    abs1         0000
__Hbank0                   bank0        0000
__Hbank1                   bank1        0000
__Hbank2                   bank2        0000
__Hbank3                   bank3        0000
__HbssBANK0                bssBANK0     0000
__HbssCOMMON               bssCOMMON    0000
__Hcinit                   cinit        0800
__Hclrtext                 clrtext      0000
__Hcode                    code         0000
__Hcommon                  common       0000
__Hconfig                  config       2009
__HcstackCOMMON            cstackCOMMON 0000
__Heeprom_data             eeprom_data  0000
__Hend_init                end_init     0003
__Hfunctab                 functab      0000
__Hinit                    init         0000
__Hintentry                intentry     0000
__Hmaintext                maintext     0000
__Hpowerup                 powerup      0000
__Hram                     ram          0000
__Hreset_vec               reset_vec    0000
__Hsfr0                    sfr0         0000
__Hsfr1                    sfr1         0000
__Hsfr2                    sfr2         0000
__Hsfr3                    sfr3         0000
__Hspace_0                 (abs)        0800
__Hspace_1                 (abs)        007B
__Hspace_2                 (abs)        0000
__Hspace_3                 (abs)        0000
__Hspace_4                 (abs)        4010
__Hstack                   stack        0000
__Hstrings                 strings      0000
__Htext                    text         0000
__Labs1                    abs1         0000
__Lbank0                   bank0        0000
__Lbank1                   bank1        0000
__Lbank2                   bank2        0000
__Lbank3                   bank3        0000
__LbssBANK0                bssBANK0     0000
__LbssCOMMON               bssCOMMON    0000
__Lcinit                   cinit        07F2
__Lclrtext                 clrtext      0000
__Lcode                    code         0000
__Lcommon                  common       0000
__Lconfig                  config       0000
__LcstackCOMMON            cstackCOMMON 0000
__Leeprom_data             eeprom_data  0000
__Lend_init                end_init     0000
__Lfunctab                 functab      0000
__Linit                    init         0000
__Lintentry                intentry     0000
__Lmaintext                maintext     0000
__Lpowerup                 powerup      0000
__Lram                     ram          0000
__Lreset_vec               reset_vec    0000
__Lsfr0                    sfr0         0000
__Lsfr1                    sfr1         0000
__Lsfr2                    sfr2         0000
__Lsfr3                    sfr3         0000
__Lspace_0                 (abs)        0000
__Lspace_1                 (abs)        0000
__Lspace_2                 (abs)        0000
__Lspace_3                 (abs)        0000
__Lspace_4                 (abs)        0000
__Lstack                   stack        0000
__Lstrings                 strings      0000
__Ltext                    text         0000
__S0                       (abs)        0800
__S1                       (abs)        007B
__S2                       (abs)        0000
__S3                       (abs)        0000
___int_sp                  stack        0000
___latbits                 (abs)        0002
___sp                      stack        0000
___stackhi                 (abs)        0000
___stacklo                 (abs)        0000
__end_of_CMD_LCD           text6        06C0
__end_of_Char_LCD          text3        06D8
__end_of_Config_Oscilador  text8        068F
__end_of_LCD_Init_8bits    text5        07A0
__end_of_Lcd_Set_Cursor    text4        06FC
__end_of_PORT_LCD          text7        07F2
__end_of_Write_LCD         text2        0723
__end_of__initialization   cinit        07FC
__end_of__stringtab        strings      0009
__end_of_config            text1        06A8
__end_of_main              maintext     0754
__initialization           cinit        07F2
__pbssBANK0                bssBANK0     0020
__pbssCOMMON               bssCOMMON    007A
__pcstackCOMMON            cstackCOMMON 0070
__pmaintext                maintext     0723
__pstrings                 strings      0003
__ptext1                   text1        0697
__ptext2                   text2        06FC
__ptext3                   text3        06C0
__ptext4                   text4        06D8
__ptext5                   text5        0754
__ptext6                   text6        06A8
__ptext7                   text7        07A0
__ptext8                   text8        0687
__size_of_CMD_LCD          (abs)        0000
__size_of_Char_LCD         (abs)        0000
__size_of_Config_Oscilador (abs)        0000
__size_of_LCD_Init_8bits   (abs)        0000
__size_of_Lcd_Set_Cursor   (abs)        0000
__size_of_PORT_LCD         (abs)        0000
__size_of_Write_LCD        (abs)        0000
__size_of_config           (abs)        0000
__size_of_main             (abs)        0000
__stringbase               strings      0008
__stringtab                strings      0003
_config                    text1        0697
_main                      maintext     0723
btemp                      (abs)        007E
clear_ram0                 clrtext      068F
end_of_initialization      cinit        07FC
intlevel0                  functab      0000
intlevel1                  functab      0000
intlevel2                  functab      0000
intlevel3                  functab      0000
intlevel4                  functab      0000
intlevel5                  functab      0000
reset_vec                  reset_vec    0000
start                      init         0000
start_initialization       cinit        07F2
wtemp0                     (abs)        007E


MODULE INFORMATION

Module		Function		Class		Link	Load	Size
../../LIB/LIB.X/LIB.c
		_Config_Oscilador		CODE           	0687	0000	8

../../LIB/LIB.X/LIB.c estimated size: 8

Proyecto_I_Maestro.c
		_main          		CODE           	0723	0000	49
		_config        		CODE           	0697	0000	17

Proyecto_I_Maestro.c estimated size: 66

../../LIB/LIB.X/LCD.c
		_Write_LCD     		CODE           	06FC	0000	39
		_LCD_Init_8bits		CODE           	0754	0000	76
		_CMD_LCD       		CODE           	06A8	0000	24
		_Char_LCD      		CODE           	06C0	0000	24
		_Lcd_Set_Cursor		CODE           	06D8	0000	36
		_PORT_LCD      		CODE           	07A0	0000	82

../../LIB/LIB.X/LCD.c estimated size: 281

shared
		__stringtab    		STRING         	0003	0000	6
		__initialization		CODE           	07F2	0000	10

shared estimated size: 16

