Microchip MPLAB XC8 Compiler V2.32

Linker command line:

-W-3 --edf=C:\Program Files\Microchip\xc8\v2.32\pic\dat\en_msgs.txt -cn \
  -h+dist/default/production\Lab_03_Slave.X.production.sym \
  --cmf=dist/default/production\Lab_03_Slave.X.production.cmf -z -Q16F887 \
  -oC:\Users\fredy\AppData\Local\Temp\xcAs44s.5 --defsym=__MPLAB_BUILD=1 \
  -Mdist/default/production/Lab_03_Slave.X.production.map -E1 \
  -ver=XC8 Compiler --acfsm=1493 -ASTACK=0110h-016Fh -pstack=STACK \
  -ACODE=00h-07FFhx4 -ASTRCODE=00h-01FFFh -ASTRING=00h-0FFhx32 \
  -ACONST=00h-0FFhx32 -AENTRY=00h-0FFhx32 -ACOMMON=070h-07Fh \
  -ABANK0=020h-06Fh -ABANK1=0A0h-0EFh -ABANK2=0110h-016Fh \
  -ABANK3=0190h-01EFh -ARAM=020h-06Fh,0A0h-0EFh,0110h-016Fh,0190h-01EFh \
  -AABS1=020h-07Fh,0A0h-0EFh,0110h-016Fh,0190h-01EFh -ASFR0=00h-01Fh \
  -ASFR1=080h-09Fh -ASFR2=0100h-010Fh -ASFR3=0180h-018Fh \
  -ACONFIG=02007h-02008h -DCONFIG=2 -AIDLOC=02000h-02003h -DIDLOC=2 \
  -AEEDATA=00h-0FFh/02100h -peeprom_data=EEDATA -DEEDATA=2 -DCODE=2 \
  -DSTRCODE=2 -DSTRING=2 -DCONST=2 -DENTRY=2 \
  -preset_vec=00h,intentry=04h,init,end_init -ppowerup=CODE -pcinit=CODE \
  -pfunctab=ENTRY -k C:\Users\fredy\AppData\Local\Temp\xcAs44s.o \
  dist/default/production\Lab_03_Slave.X.production.o 

Object code version is 3.11

Machine type is 16F887



                Name                               Link     Load   Length Selector   Space Scale
C:\Users\fredy\AppData\Local\Temp\xcAs44s.o
                end_init                              C        C        3        8       0
                reset_vec                             0        0        3        0       0
                config                             2007     2007        2        0       4
dist/default/production\Lab_03_Slave.X.production.o
                cinit                                 F        F        7        8       0
                intentry                              4        4        8        8       0
                config                             2007     2007        2        0       4
                text8                                9D       9D       1A        8       0
                text7                                FB       FB        6        8       0
                text6                                16       16       4A        8       0
                text5                                60       60       20        8       0
                text4                                F3       F3        8        8       0
                text3                                CE       CE       13        8       0
                text2                                B7       B7       17        8       0
                text1                                E1       E1       12        8       0
                maintext                             80       80       1D        8       0
                cstackCOMMON                         70       70        7       70       1
                bssCOMMON                            77       77        3       70       1

TOTAL           Name                               Link     Load   Length     Space
        CLASS   STACK          

        CLASS   CODE           
                end_init                              C        C        3         0
                cinit                                 F        F        7         0
                intentry                              4        4        8         0
                reset_vec                             0        0        3         0
                text8                                9D       9D       1A         0
                text7                                FB       FB        6         0
                text6                                16       16       4A         0
                text5                                60       60       20         0
                text4                                F3       F3        8         0
                text3                                CE       CE       13         0
                text2                                B7       B7       17         0
                text1                                E1       E1       12         0
                maintext                             80       80       1D         0

        CLASS   STRCODE        

        CLASS   STRING         

        CLASS   CONST          

        CLASS   ENTRY          

        CLASS   COMMON         
                cstackCOMMON                         70       70        7         1
                bssCOMMON                            77       77        3         1

        CLASS   BANK0          

        CLASS   BANK1          

        CLASS   BANK2          

        CLASS   BANK3          

        CLASS   RAM            

        CLASS   ABS1           
                abs_s1                               7E       7E        2         1

        CLASS   SFR0           

        CLASS   SFR1           

        CLASS   SFR2           

        CLASS   SFR3           

        CLASS   CONFIG         
                config                             2007     2007        2         4

        CLASS   IDLOC          

        CLASS   EEDATA         



SEGMENTS        Name                           Load    Length   Top    Selector   Space  Class     Delta

                reset_vec                      000000  000003  000003         0       0  CODE        2
                intentry                       000004  0000FD  000101         8       0  CODE        2
                cstackCOMMON                   000070  00000A  00007A        70       1  COMMON      1


UNUSED ADDRESS RANGES

        Name                Unused          Largest block    Delta
        BANK0            0020-006F             50           1
        BANK1            00A0-00EF             50           1
        BANK2            0110-016F             60           1
        BANK3            0190-01EF             60           1
        CODE             0003-0003              1           2
                         0101-1FFF            800
        COMMON           007A-007D              4           1
        CONST            0003-0003              1           2
                         0101-1FFF            100
        EEDATA           2100-21FF            100           2
        ENTRY            0003-0003              1           2
                         0101-1FFF            100
        IDLOC            2000-2003              4           2
        RAM              0020-006F             50           1
                         00A0-00EF             50
                         0110-016F             60
                         0190-01EF             60
        SFR0             0000-001F             20           1
        SFR1             0080-009F             20           1
        SFR2             0100-010F             10           1
        SFR3             0180-018F             10           1
        STACK            0110-016F             60           1
        STRCODE          0003-0003              1           2
                         0101-1FFF           1EFF
        STRING           0003-0003              1           2
                         0101-1FFF            100

                                  Symbol Table

Valor_ADC@canal            cstackCOMMON 0071
Valor_ADC@temp             cstackCOMMON 0072
_ADCON0bits                (abs)        001F
_ADCON1bits                (abs)        009F
_ADIF                      (abs)        0066
_ADRESH                    (abs)        001E
_ANSEL                     (abs)        0188
_ANSELH                    (abs)        0189
_CREN                      (abs)        00C4
_Config_ADC                text5        0060
_Config_Oscilador          text4        00F3
_Config_USART              text3        00CE
_INTCON                    (abs)        000B
_INTCONbits                (abs)        000B
_IRCF0                     (abs)        047C
_IRCF1                     (abs)        047D
_IRCF2                     (abs)        047E
_Init_Slave                text2        00B7
_PIE1bits                  (abs)        008C
_PIR1bits                  (abs)        000C
_PORTA                     (abs)        0005
_PORTB                     (abs)        0006
_PORTC                     (abs)        0007
_PORTCbits                 (abs)        0007
_PORTD                     (abs)        0008
_PORTE                     (abs)        0009
_PS0                       (abs)        0408
_PS1                       (abs)        0409
_PS2                       (abs)        040A
_PSA                       (abs)        040B
_RA0                       (abs)        0028
_RA2                       (abs)        002A
_RCIF                      (abs)        0065
_SPBRG                     (abs)        0099
_SPEN                      (abs)        00C7
_SSPBUF                    (abs)        0013
_SSPCON                    (abs)        0014
_SSPCONbits                (abs)        0014
_SSPIF                     (abs)        0063
_SSPSTAT                   (abs)        0094
_SSPSTATbits               (abs)        0094
_SYNC                      (abs)        04C4
_T0CS                      (abs)        040D
_TMR0                      (abs)        0001
_TRISA                     (abs)        0085
_TRISAbits                 (abs)        0085
_TRISB                     (abs)        0086
_TRISC                     (abs)        0087
_TRISC3                    (abs)        043B
_TRISC5                    (abs)        043D
_TRISD                     (abs)        0088
_TRISE                     (abs)        0089
_TXEN                      (abs)        04C5
_TXREG                     (abs)        0019
_V_ADC_0                   bssCOMMON    0079
_V_ADC_1                   bssCOMMON    0078
_Valor_ADC                 text8        009D
__Habs1                    abs1         0000
__Hbank0                   bank0        0000
__Hbank1                   bank1        0000
__Hbank2                   bank2        0000
__Hbank3                   bank3        0000
__HbssCOMMON               bssCOMMON    0000
__Hcinit                   cinit        0016
__Hclrtext                 clrtext      0000
__Hcode                    code         0000
__Hcommon                  common       0000
__Hconfig                  config       2009
__HcstackCOMMON            cstackCOMMON 0000
__Heeprom_data             eeprom_data  0000
__Hend_init                end_init     000F
__Hfunctab                 functab      0000
__Hinit                    init         000C
__Hintentry                intentry     000C
__Hmaintext                maintext     0000
__Hpowerup                 powerup      0000
__Hram                     ram          0000
__Hreset_vec               reset_vec    0003
__Hsfr0                    sfr0         0000
__Hsfr1                    sfr1         0000
__Hsfr2                    sfr2         0000
__Hsfr3                    sfr3         0000
__Hspace_0                 (abs)        0101
__Hspace_1                 (abs)        007A
__Hspace_2                 (abs)        0000
__Hspace_3                 (abs)        0000
__Hspace_4                 (abs)        4010
__Hstack                   stack        0000
__Hstrings                 strings      0000
__Htext                    text         0000
__Labs1                    abs1         0000
__Lbank0                   bank0        0000
__Lbank1                   bank1        0000
__Lbank2                   bank2        0000
__Lbank3                   bank3        0000
__LbssCOMMON               bssCOMMON    0000
__Lcinit                   cinit        000F
__Lclrtext                 clrtext      0000
__Lcode                    code         0000
__Lcommon                  common       0000
__Lconfig                  config       0000
__LcstackCOMMON            cstackCOMMON 0000
__Leeprom_data             eeprom_data  0000
__Lend_init                end_init     000C
__Lfunctab                 functab      0000
__Linit                    init         000C
__Lintentry                intentry     0004
__Lmaintext                maintext     0000
__Lpowerup                 powerup      0000
__Lram                     ram          0000
__Lreset_vec               reset_vec    0000
__Lsfr0                    sfr0         0000
__Lsfr1                    sfr1         0000
__Lsfr2                    sfr2         0000
__Lsfr3                    sfr3         0000
__Lspace_0                 (abs)        0000
__Lspace_1                 (abs)        0000
__Lspace_2                 (abs)        0000
__Lspace_3                 (abs)        0000
__Lspace_4                 (abs)        0000
__Lstack                   stack        0000
__Lstrings                 strings      0000
__Ltext                    text         0000
__S0                       (abs)        0101
__S1                       (abs)        007A
__S2                       (abs)        0000
__S3                       (abs)        0000
___int_sp                  stack        0000
___latbits                 (abs)        0002
___sp                      stack        0000
___stackhi                 (abs)        0000
___stacklo                 (abs)        0000
__end_of_Config_ADC        text5        0080
__end_of_Config_Oscilador  text4        00FB
__end_of_Config_USART      text3        00E1
__end_of_Init_Slave        text2        00CE
__end_of_Valor_ADC         text8        00B7
__end_of__initialization   cinit        0012
__end_of_config            text1        00F3
__end_of_isr               text6        0060
__end_of_main              maintext     009D
__end_of_spiWrite          text7        0101
__initialization           cinit        000F
__pbssCOMMON               bssCOMMON    0077
__pcstackCOMMON            cstackCOMMON 0070
__pintentry                intentry     0004
__pmaintext                maintext     0080
__ptext1                   text1        00E1
__ptext2                   text2        00B7
__ptext3                   text3        00CE
__ptext4                   text4        00F3
__ptext5                   text5        0060
__ptext6                   text6        0016
__ptext7                   text7        00FB
__ptext8                   text8        009D
__size_of_Config_ADC       (abs)        0000
__size_of_Config_Oscilador (abs)        0000
__size_of_Config_USART     (abs)        0000
__size_of_Init_Slave       (abs)        0000
__size_of_Valor_ADC        (abs)        0000
__size_of_config           (abs)        0000
__size_of_isr              (abs)        0000
__size_of_main             (abs)        0000
__size_of_spiWrite         (abs)        0000
_config                    text1        00E1
_isr                       text6        0016
_main                      maintext     0080
_spiWrite                  text7        00FB
_temp1                     bssCOMMON    0077
btemp                      (abs)        007E
end_of_initialization      cinit        0012
interrupt_function         intentry     0004
intlevel0                  functab      0000
intlevel1                  functab      0000
intlevel2                  functab      0000
intlevel3                  functab      0000
intlevel4                  functab      0000
intlevel5                  functab      0000
reset_vec                  reset_vec    0000
saved_w                    (abs)        007E
spiWrite@dat               cstackCOMMON 0070
start                      init         000C
start_initialization       cinit        000F
wtemp0                     (abs)        007E


MODULE INFORMATION

Module		Function		Class		Link	Load	Size
../../LIB/LIB.X/LIB.c
		_Valor_ADC     		CODE           	009D	0000	26
		_Config_ADC    		CODE           	0060	0000	32
		_Config_USART  		CODE           	00CE	0000	19
		_Config_Oscilador		CODE           	00F3	0000	8

../../LIB/LIB.X/LIB.c estimated size: 85

../../LIB/LIB.X/SPI.c
		_spiWrite      		CODE           	00FB	0000	6
		_Init_Slave    		CODE           	00B7	0000	23

../../LIB/LIB.X/SPI.c estimated size: 29

Lab_03_Slave.c
		_main          		CODE           	0080	0000	29
		_config        		CODE           	00E1	0000	18
		_isr           		CODE           	0016	0000	74

Lab_03_Slave.c estimated size: 121

shared
		__initialization		CODE           	000F	0000	3

shared estimated size: 3

